###############################################################################
#
# IAR ELF Linker V8.40.1.212/W32 for ARM                  13/Sep/2024  11:42:11
# Copyright 2007-2019 IAR Systems AB.
#
#    Output file  =  E:\AnyID\Git\M7000\OSIO\Build\Exe\OSIO.out
#    Map file     =  E:\AnyID\Git\M7000\OSIO\Build\List\OSIO.map
#    Command line =
#        -f C:\Users\swnw\AppData\Local\Temp\EW1700.tmp
#        (E:\AnyID\Git\M7000\OSIO\Build\Obj\croutine.o
#        E:\AnyID\Git\M7000\OSIO\Build\Obj\Device.o
#        E:\AnyID\Git\M7000\OSIO\Build\Obj\event_groups.o
#        E:\AnyID\Git\M7000\OSIO\Build\Obj\heap_4.o
#        E:\AnyID\Git\M7000\OSIO\Build\Obj\list.o
#        E:\AnyID\Git\M7000\OSIO\Build\Obj\main.o
#        E:\AnyID\Git\M7000\OSIO\Build\Obj\misc.o
#        E:\AnyID\Git\M7000\OSIO\Build\Obj\port.o
#        E:\AnyID\Git\M7000\OSIO\Build\Obj\portasm.o
#        E:\AnyID\Git\M7000\OSIO\Build\Obj\queue.o
#        E:\AnyID\Git\M7000\OSIO\Build\Obj\Rs485.o
#        E:\AnyID\Git\M7000\OSIO\Build\Obj\Rs485_HL.o
#        E:\AnyID\Git\M7000\OSIO\Build\Obj\Rtos_HL.o
#        E:\AnyID\Git\M7000\OSIO\Build\Obj\startup_stm32f10x_hd.o
#        E:\AnyID\Git\M7000\OSIO\Build\Obj\stm32f10x_adc.o
#        E:\AnyID\Git\M7000\OSIO\Build\Obj\stm32f10x_bkp.o
#        E:\AnyID\Git\M7000\OSIO\Build\Obj\stm32f10x_can.o
#        E:\AnyID\Git\M7000\OSIO\Build\Obj\stm32f10x_cec.o
#        E:\AnyID\Git\M7000\OSIO\Build\Obj\stm32f10x_crc.o
#        E:\AnyID\Git\M7000\OSIO\Build\Obj\stm32f10x_dac.o
#        E:\AnyID\Git\M7000\OSIO\Build\Obj\stm32f10x_dbgmcu.o
#        E:\AnyID\Git\M7000\OSIO\Build\Obj\stm32f10x_dma.o
#        E:\AnyID\Git\M7000\OSIO\Build\Obj\stm32f10x_exti.o
#        E:\AnyID\Git\M7000\OSIO\Build\Obj\stm32f10x_flash.o
#        E:\AnyID\Git\M7000\OSIO\Build\Obj\stm32f10x_fsmc.o
#        E:\AnyID\Git\M7000\OSIO\Build\Obj\stm32f10x_gpio.o
#        E:\AnyID\Git\M7000\OSIO\Build\Obj\stm32f10x_i2c.o
#        E:\AnyID\Git\M7000\OSIO\Build\Obj\stm32f10x_it.o
#        E:\AnyID\Git\M7000\OSIO\Build\Obj\stm32f10x_iwdg.o
#        E:\AnyID\Git\M7000\OSIO\Build\Obj\stm32f10x_pwr.o
#        E:\AnyID\Git\M7000\OSIO\Build\Obj\stm32f10x_rcc.o
#        E:\AnyID\Git\M7000\OSIO\Build\Obj\stm32f10x_rtc.o
#        E:\AnyID\Git\M7000\OSIO\Build\Obj\stm32f10x_sdio.o
#        E:\AnyID\Git\M7000\OSIO\Build\Obj\stm32f10x_spi.o
#        E:\AnyID\Git\M7000\OSIO\Build\Obj\stm32f10x_tim.o
#        E:\AnyID\Git\M7000\OSIO\Build\Obj\stm32f10x_usart.o
#        E:\AnyID\Git\M7000\OSIO\Build\Obj\stm32f10x_wwdg.o
#        E:\AnyID\Git\M7000\OSIO\Build\Obj\stream_buffer.o
#        E:\AnyID\Git\M7000\OSIO\Build\Obj\SysCfg.o
#        E:\AnyID\Git\M7000\OSIO\Build\Obj\system_stm32f10x.o
#        E:\AnyID\Git\M7000\OSIO\Build\Obj\tasks.o
#        E:\AnyID\Git\M7000\OSIO\Build\Obj\timers.o --redirect
#        _Printf=_PrintfFull --redirect _Scanf=_ScanfFull --no_out_extension -o
#        E:\AnyID\Git\M7000\OSIO\Build\Exe\OSIO.out --map
#        E:\AnyID\Git\M7000\OSIO\Build\List\OSIO.map --config
#        E:\AnyID\Git\M7000\OSIO\GD32F103x8.icf --semihosting --entry
#        __iar_program_start --vfe --text_out locale)
#
###############################################################################

*******************************************************************************
*** RUNTIME MODEL ATTRIBUTES
***

CppFlavor       = *
__SystemLibrary = DLib
__dlib_version  = 6


*******************************************************************************
*** HEAP SELECTION
***

The basic heap was selected because no calls to memory allocation
functions were found in the application outside of system library
functions, and there are calls to deallocation functions in the
application.


*******************************************************************************
*** PLACEMENT SUMMARY
***

"A0":  place at address 0x800'0000 { ro section .intvec };
"P1":  place in [from 0x800'0000 to 0x800'ffff] { ro };
define block CSTACK with size = 2K, alignment = 8 { };
define block HEAP with size = 4K, alignment = 8 { };
"P2":  place in [from 0x2000'0000 to 0x2000'4fff] {
          rw, block CSTACK, block HEAP };
initialize by copy { rw };

  Section            Kind         Address    Size  Object
  -------            ----         -------    ----  ------
"A0":                                       0x130
  .intvec            ro code   0x800'0000   0x130  startup_stm32f10x_hd.o [1]
                             - 0x800'0130   0x130

"P1":                                      0x57f2
  .text              ro code   0x800'0130  0x10c6  xprintffull.o [2]
  .text              ro code   0x800'11f6    0x3a  zero_init3.o [4]
  .text              ro code   0x800'1230    0x7c  xlocale_c.o [2]
  .text              ro code   0x800'12ac    0x16  strchr.o [4]
  .text              ro code   0x800'12c2    0x1e  xencoding_8859_1.o [2]
  .text              ro code   0x800'12e0    0x40  xfail_s.o [2]
  .text              ro code   0x800'1320    0x36  strlen.o [4]
  .rodata            const     0x800'1356     0x2  xlocale_c.o [2]
  .text              ro code   0x800'1358    0x58  memchr.o [4]
  .text              ro code   0x800'13b0    0xa6  ABImemcpy.o [4]
  .rodata            const     0x800'1456     0x2  xlocale_c.o [2]
  .text              ro code   0x800'1458    0x70  frexp.o [3]
  .text              ro code   0x800'14c8    0x2e  DblCmpLe.o [3]
  .rodata            const     0x800'14f6     0x1  xlocale_c.o [2]
  .text              ro code   0x800'14f8    0x2e  DblCmpGe.o [3]
  .text              ro code   0x800'1528   0x13a  ldexp.o [3]
  .text              ro code   0x800'1664    0x3a  DblToS32.o [3]
  .text              ro code   0x800'16a0    0x22  S32ToDbl.o [3]
  .text              ro code   0x800'16c4    0xe2  DblSub.o [3]
  .text              ro code   0x800'17a8   0x246  DblDiv.o [3]
  .text              ro code   0x800'19f0    0x28  DblToU32.o [3]
  .text              ro code   0x800'1a18    0x1a  U32ToDbl.o [3]
  .text              ro code   0x800'1a34   0x1a2  DblMul.o [3]
  .text              ro code   0x800'1bd6     0xa  xmbcurmax.o [2]
  .text              ro code   0x800'1be0   0x230  I64DivMod.o [4]
  .text              ro code   0x800'1e10     0x6  abort.o [2]
  .text              ro code   0x800'1e18   0x16a  DblAdd.o [3]
  .text              ro code   0x800'1f84     0x2  I64DivZer.o [4]
  .text              ro code   0x800'1f88    0x14  exit.o [5]
  .text              ro code   0x800'1f9c   0xd78  tasks.o [1]
  .text              ro code   0x800'2d14   0x29c  heap_4.o [1]
  .text              ro code   0x800'2fb0    0x66  ABImemset.o [4]
  .text              ro code   0x800'3018    0x28  printf.o [2]
  .text              ro code   0x800'3040    0x9a  list.o [1]
  .text              ro code   0x800'30dc   0x280  port.o [1]
  .text              ro code   0x800'335c   0x39c  timers.o [1]
  .text              ro code   0x800'36f8   0x244  Rtos_HL.o [1]
  CODE               ro code   0x800'393c    0x88  portasm.o [1]
  .text              ro code   0x800'39c4   0x8b8  queue.o [1]
  .text              ro code   0x800'427c   0x222  stm32f10x_usart.o [1]
  .text              ro code   0x800'44a0   0x178  stm32f10x_gpio.o [1]
  .text              ro code   0x800'4618    0x98  misc.o [1]
  .text              ro code   0x800'46b0   0x17c  stm32f10x_dma.o [1]
  .text              ro code   0x800'482c   0x112  stm32f10x_tim.o [1]
  .text              ro code   0x800'4940   0x338  stm32f10x_rcc.o [1]
  .text              ro code   0x800'4c78   0x2d8  Rs485_HL.o [1]
  .text              ro code   0x800'4f50   0x178  stm32f10x_it.o [1]
  .text              ro code   0x800'50c8   0x168  SysCfg.o [1]
  .text              ro code   0x800'5230    0x2c  stm32f10x_flash.o [1]
  .text              ro code   0x800'525c   0x110  Rs485.o [1]
  .text              ro code   0x800'536c   0x110  system_stm32f10x.o [1]
  .text              ro code   0x800'547c    0x78  lz77_init_single.o [4]
  .rodata            const     0x800'54f4    0x34  heap_4.o [1]
  .rodata            const     0x800'5528    0x30  port.o [1]
  .text              ro code   0x800'5558    0x30  main.o [1]
  .rodata            const     0x800'5588    0x28  queue.o [1]
  .rodata            const     0x800'55b0    0x28  tasks.o [1]
  .rodata            const     0x800'55d8    0x28  timers.o [1]
  .text              ro code   0x800'5600    0x28  data_init.o [4]
  .rodata            const     0x800'5628    0x24  heap_4.o [1]
  .rodata            const     0x800'564c    0x24  port.o [1]
  .rodata            const     0x800'5670    0x24  queue.o [1]
  .rodata            const     0x800'5694    0x24  tasks.o [1]
  .rodata            const     0x800'56b8    0x24  timers.o [1]
  .iar.init_table    const     0x800'56dc    0x20  - Linker created -
  .text              ro code   0x800'56fc    0x1e  cmain.o [4]
  .text              ro code   0x800'571a     0x4  low_level_init.o [2]
  .text              ro code   0x800'571e     0x4  exit.o [2]
  .text              ro code   0x800'5724     0xa  cexit.o [4]
  .text              ro code   0x800'572e    0x16  xprout.o [2]
  .text              ro code   0x800'5744     0xc  putchar.o [2]
  .rodata            const     0x800'5750    0x10  main.o [1]
  .text              ro code   0x800'5760    0x10  startup_stm32f10x_hd.o [1]
  .rodata            const     0x800'5770     0xc  SysCfg.o [1]
  .rodata            const     0x800'577c     0xc  SysCfg.o [1]
  .text              ro code   0x800'5788     0xc  cstartup_M.o [4]
  .rodata            const     0x800'5794     0x8  Rs485_HL.o [1]
  .rodata            const     0x800'579c     0x8  Rs485_HL.o [1]
  .rodata            const     0x800'57a4     0x8  Rs485_HL.o [1]
  .rodata            const     0x800'57ac     0x8  Rs485_HL.o [1]
  .rodata            const     0x800'57b4     0x8  Rtos_HL.o [1]
  .rodata            const     0x800'57bc     0x8  Rtos_HL.o [1]
  .rodata            const     0x800'57c4     0x8  tasks.o [1]
  .rodata            const     0x800'57cc     0x8  timers.o [1]
  .rodata            const     0x800'57d4     0x8  timers.o [1]
  .rodata            const     0x800'57dc     0x4  heap_4.o [1]
  .rodata            const     0x800'57e0     0x4  port.o [1]
  .text              ro code   0x800'57e4     0x4  startup_stm32f10x_hd.o [1]
  .text              ro code   0x800'57e8     0x4  startup_stm32f10x_hd.o [1]
  .text              ro code   0x800'57ec     0x4  startup_stm32f10x_hd.o [1]
  .text              ro code   0x800'57f0     0x4  startup_stm32f10x_hd.o [1]
  .text              ro code   0x800'57f4     0x4  startup_stm32f10x_hd.o [1]
  .text              ro code   0x800'57f8     0x4  startup_stm32f10x_hd.o [1]
  .text              ro code   0x800'57fc     0x4  startup_stm32f10x_hd.o [1]
  .text              ro code   0x800'5800     0x4  startup_stm32f10x_hd.o [1]
  .text              ro code   0x800'5804     0x4  startup_stm32f10x_hd.o [1]
  .text              ro code   0x800'5808     0x4  startup_stm32f10x_hd.o [1]
  .text              ro code   0x800'580c     0x4  startup_stm32f10x_hd.o [1]
  .text              ro code   0x800'5810     0x4  startup_stm32f10x_hd.o [1]
  .text              ro code   0x800'5814     0x4  startup_stm32f10x_hd.o [1]
  .text              ro code   0x800'5818     0x4  startup_stm32f10x_hd.o [1]
  .text              ro code   0x800'581c     0x4  startup_stm32f10x_hd.o [1]
  .text              ro code   0x800'5820     0x4  startup_stm32f10x_hd.o [1]
  .text              ro code   0x800'5824     0x4  startup_stm32f10x_hd.o [1]
  .text              ro code   0x800'5828     0x4  startup_stm32f10x_hd.o [1]
  .text              ro code   0x800'582c     0x4  startup_stm32f10x_hd.o [1]
  .text              ro code   0x800'5830     0x4  startup_stm32f10x_hd.o [1]
  .text              ro code   0x800'5834     0x4  startup_stm32f10x_hd.o [1]
  .text              ro code   0x800'5838     0x4  startup_stm32f10x_hd.o [1]
  .text              ro code   0x800'583c     0x4  startup_stm32f10x_hd.o [1]
  .text              ro code   0x800'5840     0x4  startup_stm32f10x_hd.o [1]
  .text              ro code   0x800'5844     0x4  startup_stm32f10x_hd.o [1]
  .text              ro code   0x800'5848     0x4  startup_stm32f10x_hd.o [1]
  .text              ro code   0x800'584c     0x4  startup_stm32f10x_hd.o [1]
  .text              ro code   0x800'5850     0x4  startup_stm32f10x_hd.o [1]
  .text              ro code   0x800'5854     0x4  startup_stm32f10x_hd.o [1]
  .text              ro code   0x800'5858     0x4  startup_stm32f10x_hd.o [1]
  .text              ro code   0x800'585c     0x4  startup_stm32f10x_hd.o [1]
  .text              ro code   0x800'5860     0x4  startup_stm32f10x_hd.o [1]
  .text              ro code   0x800'5864     0x4  startup_stm32f10x_hd.o [1]
  .text              ro code   0x800'5868     0x4  startup_stm32f10x_hd.o [1]
  .text              ro code   0x800'586c     0x4  startup_stm32f10x_hd.o [1]
  .text              ro code   0x800'5870     0x4  startup_stm32f10x_hd.o [1]
  .text              ro code   0x800'5874     0x4  startup_stm32f10x_hd.o [1]
  .text              ro code   0x800'5878     0x4  startup_stm32f10x_hd.o [1]
  .text              ro code   0x800'587c     0x4  startup_stm32f10x_hd.o [1]
  .text              ro code   0x800'5880     0x4  startup_stm32f10x_hd.o [1]
  .text              ro code   0x800'5884     0x4  startup_stm32f10x_hd.o [1]
  .text              ro code   0x800'5888     0x4  startup_stm32f10x_hd.o [1]
  .text              ro code   0x800'588c     0x4  startup_stm32f10x_hd.o [1]
  .text              ro code   0x800'5890     0x4  startup_stm32f10x_hd.o [1]
  .text              ro code   0x800'5894     0x4  startup_stm32f10x_hd.o [1]
  .text              ro code   0x800'5898     0x4  startup_stm32f10x_hd.o [1]
  .text              ro code   0x800'589c     0x4  startup_stm32f10x_hd.o [1]
  .text              ro code   0x800'58a0     0x4  startup_stm32f10x_hd.o [1]
  .text              ro code   0x800'58a4     0x4  startup_stm32f10x_hd.o [1]
  .text              ro code   0x800'58a8     0x4  startup_stm32f10x_hd.o [1]
  .text              ro code   0x800'58ac     0x4  startup_stm32f10x_hd.o [1]
  .text              ro code   0x800'58b0     0x4  startup_stm32f10x_hd.o [1]
  .text              ro code   0x800'58b4     0x4  startup_stm32f10x_hd.o [1]
  .text              ro code   0x800'58b8     0x4  startup_stm32f10x_hd.o [1]
  .text              ro code   0x800'58bc     0x4  startup_stm32f10x_hd.o [1]
  .rodata            const     0x800'58c0     0x0  zero_init3.o [4]
  .rodata            const     0x800'58c0     0x0  lz77_init_single.o [4]
  Initializer bytes  const     0x800'58c0    0x62  <for P2-1>
                             - 0x800'5922  0x57f2

"P2", part 1 of 3:                           0xe8
  P2-1                        0x2000'0000    0xe8  <Init block>
    .data            inited   0x2000'0000     0x4  port.o [1]
    .data            inited   0x2000'0004    0x10  stm32f10x_rcc.o [1]
    .data            inited   0x2000'0014     0x4  stm32f10x_rcc.o [1]
    .data            inited   0x2000'0018     0x4  system_stm32f10x.o [1]
    .data            inited   0x2000'001c     0x4  tasks.o [1]
    .data            inited   0x2000'0020    0x38  xlocale_c.o [2]
    .data            inited   0x2000'0058    0x48  xlocale_c.o [2]
    .data            inited   0x2000'00a0    0x48  xfiles.o [2]
                            - 0x2000'00e8    0xe8

"P2", part 2 of 3:                         0x2e60
  .bss               zero     0x2000'00e8  0x2800  heap_4.o [1]
  .bss               zero     0x2000'28e8   0x26c  tasks.o [1]
  .bss               zero     0x2000'2b54   0x124  Rs485.o [1]
  .bss               zero     0x2000'2c78   0x120  Rtos_HL.o [1]
  .bss               zero     0x2000'2d98    0x50  xfiles.o [2]
  .bss               zero     0x2000'2de8    0x40  queue.o [1]
  .bss               zero     0x2000'2e28    0x14  tasks.o [1]
  .bss               zero     0x2000'2e3c    0x14  tasks.o [1]
  .bss               zero     0x2000'2e50    0x14  tasks.o [1]
  .bss               zero     0x2000'2e64    0x14  tasks.o [1]
  .bss               zero     0x2000'2e78    0x14  tasks.o [1]
  .bss               zero     0x2000'2e8c    0x14  timers.o [1]
  .bss               zero     0x2000'2ea0    0x14  timers.o [1]
  .bss               zero     0x2000'2eb4     0x8  heap_4.o [1]
  .bss               zero     0x2000'2ebc     0x4  heap_4.o [1]
  .bss               zero     0x2000'2ec0     0x4  heap_4.o [1]
  .bss               zero     0x2000'2ec4     0x4  heap_4.o [1]
  .bss               zero     0x2000'2ec8     0x4  heap_4.o [1]
  .bss               zero     0x2000'2ecc     0x4  heap_4.o [1]
  .bss               zero     0x2000'2ed0     0x4  port.o [1]
  .bss               zero     0x2000'2ed4     0x4  Rs485.o [1]
  .bss               zero     0x2000'2ed8     0x4  Rs485.o [1]
  .bss               zero     0x2000'2edc     0x4  Rtos_HL.o [1]
  .bss               zero     0x2000'2ee0     0x4  tasks.o [1]
  .bss               zero     0x2000'2ee4     0x4  tasks.o [1]
  .bss               zero     0x2000'2ee8     0x4  tasks.o [1]
  .bss               zero     0x2000'2eec     0x4  tasks.o [1]
  .bss               zero     0x2000'2ef0     0x4  tasks.o [1]
  .bss               zero     0x2000'2ef4     0x4  tasks.o [1]
  .bss               zero     0x2000'2ef8     0x4  tasks.o [1]
  .bss               zero     0x2000'2efc     0x4  tasks.o [1]
  .bss               zero     0x2000'2f00     0x4  tasks.o [1]
  .bss               zero     0x2000'2f04     0x4  tasks.o [1]
  .bss               zero     0x2000'2f08     0x4  tasks.o [1]
  .bss               zero     0x2000'2f0c     0x4  tasks.o [1]
  .bss               zero     0x2000'2f10     0x4  tasks.o [1]
  .bss               zero     0x2000'2f14     0x4  tasks.o [1]
  .bss               zero     0x2000'2f18     0x4  tasks.o [1]
  .bss               zero     0x2000'2f1c     0x4  tasks.o [1]
  .bss               zero     0x2000'2f20     0x4  tasks.o [1]
  .bss               zero     0x2000'2f24     0x4  timers.o [1]
  .bss               zero     0x2000'2f28     0x4  timers.o [1]
  .bss               zero     0x2000'2f2c     0x4  timers.o [1]
  .bss               zero     0x2000'2f30     0x4  timers.o [1]
  .bss               zero     0x2000'2f34     0x4  timers.o [1]
  .bss               zero     0x2000'2f38     0x4  xfail_s.o [2]
  .bss               zero     0x2000'2f3c     0x2  stm32f10x_it.o [1]
  .bss               zero     0x2000'2f3e     0x2  stm32f10x_it.o [1]
  .bss               zero     0x2000'2f40     0x2  stm32f10x_it.o [1]
  .bss               zero     0x2000'2f42     0x2  stm32f10x_it.o [1]
  .bss               zero     0x2000'2f44     0x1  port.o [1]
                            - 0x2000'2f45  0x2e5d

"P2", part 3 of 3:                          0x800
  CSTACK                      0x2000'2f48   0x800  <Block>
    CSTACK           uninit   0x2000'2f48   0x800  <Block tail>
                            - 0x2000'3748   0x800

Unused ranges:

         From           To    Size
         ----           --    ----
   0x800'5922   0x800'ffff  0xa6de
  0x2000'3748  0x2000'4fff  0x18b8


*******************************************************************************
*** INIT TABLE
***

          Address      Size
          -------      ----
Zero (__iar_zero_init3)
    1 destination range, total size 0x2e5d:
          0x2000'00e8  0x2e5d

Copy/lz77 (__iar_lz77_init_single3)
    1 source range, total size 0x62 (42% of destination):
           0x800'58c0    0x62
    1 destination range, total size 0xe8:
          0x2000'0000    0xe8



*******************************************************************************
*** MODULE SUMMARY
***

    Module                  ro code  ro data  rw data
    ------                  -------  -------  -------
command line/config:
    -------------------------------------------------
    Total:

E:\AnyID\Git\M7000\OSIO\Build\Obj: [1]
    Rs485.o                     272               300
    Rs485_HL.o                  728       32
    Rtos_HL.o                   580       16      292
    SysCfg.o                    360       24
    heap_4.o                    668       92   10'268
    list.o                      154
    main.o                       48       16
    misc.o                      152
    port.o                      640       89        9
    portasm.o                   136
    queue.o                   2'232       76       64
    startup_stm32f10x_hd.o      540
    stm32f10x_dma.o             380
    stm32f10x_flash.o            44
    stm32f10x_gpio.o            376
    stm32f10x_it.o              376                 8
    stm32f10x_rcc.o             824        9       20
    stm32f10x_tim.o             274
    stm32f10x_usart.o           546
    system_stm32f10x.o          272        1        4
    tasks.o                   3'448       86      792
    timers.o                    924       92       60
    -------------------------------------------------
    Total:                   13'974      533   11'817

dl7M_tlf.a: [2]
    abort.o                       6
    exit.o                        4
    low_level_init.o              4
    printf.o                     40
    putchar.o                    12
    xencoding_8859_1.o           30
    xfail_s.o                    64                 4
    xfiles.o                              31      152
    xlocale_c.o                 124       59      128
    xmbcurmax.o                  10
    xprintffull.o             4'294
    xprout.o                     22
    -------------------------------------------------
    Total:                    4'610       90      284

m7M_tl.a: [3]
    DblAdd.o                    362
    DblCmpGe.o                   46
    DblCmpLe.o                   46
    DblDiv.o                    582
    DblMul.o                    418
    DblSub.o                    226
    DblToS32.o                   58
    DblToU32.o                   40
    S32ToDbl.o                   34
    U32ToDbl.o                   26
    frexp.o                     112
    ldexp.o                     314
    -------------------------------------------------
    Total:                    2'264

rt7M_tl.a: [4]
    ABImemcpy.o                 166
    ABImemset.o                 102
    I64DivMod.o                 560
    I64DivZer.o                   2
    cexit.o                      10
    cmain.o                      30
    cstartup_M.o                 12
    data_init.o                  40
    lz77_init_single.o          120
    memchr.o                     88
    strchr.o                     22
    strlen.o                     54
    zero_init3.o                 58
    -------------------------------------------------
    Total:                    1'264

shb_l.a: [5]
    exit.o                       20
    -------------------------------------------------
    Total:                       20

    Gaps                         31
    Linker created                        32    2'048
-----------------------------------------------------
    Grand Total:             22'163      655   14'149


*******************************************************************************
*** ENTRY LIST
***

Entry                       Address    Size  Type      Object
-----                       -------    ----  ----      ------
.iar.init_table$$Base    0x800'56dc           --   Gb  - Linker created -
.iar.init_table$$Limit   0x800'56fc           --   Gb  - Linker created -
?main                    0x800'56fd          Code  Gb  cmain.o [4]
ADCPrescTable           0x2000'0014     0x4  Data  Lc  stm32f10x_rcc.o [1]
APBAHBPrescTable        0x2000'0004    0x10  Data  Lc  stm32f10x_rcc.o [1]
BusFault_Handler         0x800'4f57     0x2  Code  Gb  stm32f10x_it.o [1]
CSTACK$$Base            0x2000'2f48           --   Gb  - Linker created -
CSTACK$$Limit           0x2000'3748           --   Gb  - Linker created -
CacheMore                0x800'1235    0x28  Code  Lc  xlocale_c.o [2]
ConfigureTimeForRunTimeStats
                         0x800'3931     0xc  Code  Gb  Rtos_HL.o [1]
DMA1_Channel4_IRQHandler
                         0x800'4fcb    0x44  Code  Gb  stm32f10x_it.o [1]
DMA1_Channel5_IRQHandler
                         0x800'4fab    0x20  Code  Gb  stm32f10x_it.o [1]
DMA_DeInit               0x800'46b1    0xf0  Code  Gb  stm32f10x_dma.o [1]
DMA_ITConfig             0x800'47dd    0x18  Code  Gb  stm32f10x_dma.o [1]
DMA_Init                 0x800'47a1    0x3c  Code  Gb  stm32f10x_dma.o [1]
DebugMon_Handler         0x800'4f5b     0x2  Code  Gb  stm32f10x_it.o [1]
FLASH_PrefetchBufferCmd
                         0x800'5243    0x14  Code  Gb  stm32f10x_flash.o [1]
FLASH_SetLatency         0x800'5231    0x12  Code  Gb  stm32f10x_flash.o [1]
FreeRTOSRunTimeTicks    0x2000'2edc     0x4  Data  Gb  Rtos_HL.o [1]
GPIO_Init                0x800'44a1    0xea  Code  Gb  stm32f10x_gpio.o [1]
GPIO_PinRemapConfig      0x800'458b    0x84  Code  Gb  stm32f10x_gpio.o [1]
HardFault_Handler        0x800'4f53     0x2  Code  Gb  stm32f10x_it.o [1]
MemManage_Handler        0x800'4f55     0x2  Code  Gb  stm32f10x_it.o [1]
NMI_Handler              0x800'4f51     0x2  Code  Gb  stm32f10x_it.o [1]
NVIC_Init                0x800'4623    0x66  Code  Gb  misc.o [1]
NVIC_PriorityGroupConfig
                         0x800'4619     0xa  Code  Gb  misc.o [1]
NVIC_SetVectorTable      0x800'4689     0xc  Code  Gb  misc.o [1]
PendSV_Handler           0x800'393d          Code  Gb  portasm.o [1]
RCC_ADCCLKConfig         0x800'4a6d    0x10  Code  Gb  stm32f10x_rcc.o [1]
RCC_AHBPeriphClockCmd    0x800'4b55    0x1c  Code  Gb  stm32f10x_rcc.o [1]
RCC_APB1PeriphClockCmd   0x800'4b8d    0x1c  Code  Gb  stm32f10x_rcc.o [1]
RCC_APB1PeriphResetCmd   0x800'4bc5    0x1c  Code  Gb  stm32f10x_rcc.o [1]
RCC_APB2PeriphClockCmd   0x800'4b71    0x1c  Code  Gb  stm32f10x_rcc.o [1]
RCC_APB2PeriphResetCmd   0x800'4ba9    0x1c  Code  Gb  stm32f10x_rcc.o [1]
RCC_DeInit               0x800'4941    0x40  Code  Gb  stm32f10x_rcc.o [1]
RCC_GetClocksFreq        0x800'4a7d    0xd8  Code  Gb  stm32f10x_rcc.o [1]
RCC_GetFlagStatus        0x800'4be1    0x46  Code  Gb  stm32f10x_rcc.o [1]
RCC_GetSYSCLKSource      0x800'4a2b     0xa  Code  Gb  stm32f10x_rcc.o [1]
RCC_HCLKConfig           0x800'4a35    0x10  Code  Gb  stm32f10x_rcc.o [1]
RCC_HSEConfig            0x800'4981    0x3a  Code  Gb  stm32f10x_rcc.o [1]
RCC_PCLK1Config          0x800'4a45    0x10  Code  Gb  stm32f10x_rcc.o [1]
RCC_PCLK2Config          0x800'4a55    0x12  Code  Gb  stm32f10x_rcc.o [1]
RCC_PLLCmd               0x800'4a11     0xa  Code  Gb  stm32f10x_rcc.o [1]
RCC_PLLConfig            0x800'49f9    0x18  Code  Gb  stm32f10x_rcc.o [1]
RCC_SYSCLKConfig         0x800'4a1b    0x10  Code  Gb  stm32f10x_rcc.o [1]
RCC_USBCLKConfig         0x800'4a67     0x6  Code  Gb  stm32f10x_rcc.o [1]
RCC_WaitForHSEStartUp    0x800'49bb    0x3e  Code  Gb  stm32f10x_rcc.o [1]
RS485_PORT_CTRL          0x800'57a4     0x8  Data  Gb  Rs485_HL.o [1]
RS485_PORT_PWR           0x800'57ac     0x8  Data  Gb  Rs485_HL.o [1]
RS485_PORT_RX            0x800'579c     0x8  Data  Gb  Rs485_HL.o [1]
RS485_PORT_TX            0x800'5794     0x8  Data  Gb  Rs485_HL.o [1]
Region$$Table$$Base      0x800'56dc           --   Gb  - Linker created -
Region$$Table$$Limit     0x800'56fc           --   Gb  - Linker created -
Rs485RxTask              0x800'5309    0x4c  Code  Gb  Rs485.o [1]
Rs485TxTask              0x800'52c3    0x46  Code  Gb  Rs485.o [1]
Rs485_ConfigInt          0x800'4d51    0x22  Code  Gb  Rs485_HL.o [1]
Rs485_Delayms            0x800'4d73    0x12  Code  Gb  Rs485_HL.o [1]
Rs485_Init               0x800'525d    0x42  Code  Gb  Rs485.o [1]
Rs485_InitInterface      0x800'4c79    0xd8  Code  Gb  Rs485_HL.o [1]
Rs485_InitRxDma          0x800'4e43    0x96  Code  Gb  Rs485_HL.o [1]
Rs485_InitTxDma          0x800'4d97    0xac  Code  Gb  Rs485_HL.o [1]
Rs485_QueueInit          0x800'529f    0x24  Code  Gb  Rs485.o [1]
Rs485_WriteBuffer        0x800'4ed9    0x54  Code  Gb  Rs485_HL.o [1]
Rs485_WriteByte          0x800'4d85    0x12  Code  Gb  Rs485_HL.o [1]
SVC_Handler              0x800'3983          Code  Gb  portasm.o [1]
SetSysClock              0x800'53a9     0x8  Code  Lc  system_stm32f10x.o [1]
SetSysClockTo72          0x800'53b1    0xb0  Code  Lc  system_stm32f10x.o [1]
SysTick_Handler          0x800'326f    0x28  Code  Gb  port.o [1]
Sys_CfgClock             0x800'50db    0x76  Code  Gb  SysCfg.o [1]
Sys_CfgNVIC              0x800'5177    0x16  Code  Gb  SysCfg.o [1]
Sys_CfgPeriphClk         0x800'5151    0x26  Code  Gb  SysCfg.o [1]
Sys_CtrlIOInit           0x800'518d     0xc  Code  Gb  SysCfg.o [1]
Sys_Delayms              0x800'50c9    0x12  Code  Gb  SysCfg.o [1]
Sys_Init                 0x800'5199    0x3a  Code  Gb  SysCfg.o [1]
Sys_TaskCreat            0x800'51d3    0x46  Code  Gb  SysCfg.o [1]
SystemCoreClock         0x2000'0018     0x4  Data  Gb  system_stm32f10x.o [1]
SystemInit               0x800'536d    0x3c  Code  Gb  system_stm32f10x.o [1]
TIM2_IRQHandler          0x800'4f5d    0x24  Code  Gb  stm32f10x_it.o [1]
TIM_ClearITPendingBit    0x800'4935     0xa  Code  Gb  stm32f10x_tim.o [1]
TIM_Cmd                  0x800'48d1    0x1e  Code  Gb  stm32f10x_tim.o [1]
TIM_GetITStatus          0x800'4907    0x2e  Code  Gb  stm32f10x_tim.o [1]
TIM_ITConfig             0x800'48ef    0x18  Code  Gb  stm32f10x_tim.o [1]
TIM_TimeBaseInit         0x800'482d    0x7c  Code  Gb  stm32f10x_tim.o [1]
Tim_Init                 0x800'38cf    0x62  Code  Gb  Rtos_HL.o [1]
UART_PORT_RX             0x800'57bc     0x8  Data  Gb  Rtos_HL.o [1]
UART_PORT_TX             0x800'57b4     0x8  Data  Gb  Rtos_HL.o [1]
USART1_IRQHandler        0x800'500f    0x76  Code  Gb  stm32f10x_it.o [1]
USART2_IRQHandler        0x800'4f81    0x2a  Code  Gb  stm32f10x_it.o [1]
USART_Cmd                0x800'43f9    0x1e  Code  Gb  stm32f10x_usart.o [1]
USART_DMACmd             0x800'4487    0x18  Code  Gb  stm32f10x_usart.o [1]
USART_DeInit             0x800'427d    0x90  Code  Gb  stm32f10x_usart.o [1]
USART_ITConfig           0x800'4417    0x70  Code  Gb  stm32f10x_usart.o [1]
USART_Init               0x800'430d    0xd6  Code  Gb  stm32f10x_usart.o [1]
Uart_Init                0x800'386f    0x2c  Code  Gb  Rtos_HL.o [1]
Uart_InitInterface       0x800'36f9    0xce  Code  Gb  Rtos_HL.o [1]
Uart_InitRxDma           0x800'37d9    0x96  Code  Gb  Rtos_HL.o [1]
Uart_WriteByte           0x800'37c7    0x12  Code  Gb  Rtos_HL.o [1]
UsageFault_Handler       0x800'4f59     0x2  Code  Gb  stm32f10x_it.o [1]
_Encoding_8859_1_Mbrlen
                         0x800'12d5     0x2  Code  Gb  xencoding_8859_1.o [2]
_Encoding_8859_1_Wctomb
                         0x800'12c3    0x12  Code  Gb  xencoding_8859_1.o [2]
_LitobFull               0x800'1043   0x10a  Code  Lc  xprintffull.o [2]
_Locale_lconv           0x2000'0020    0x38  Data  Lc  xlocale_c.o [2]
_PrintfFull              0x800'0131   0xcc4  Code  Gb  xprintffull.o [2]
_Prout                   0x800'572f    0x16  Code  Gb  xprout.o [2]
_PutcharsFull            0x800'11b5    0x2e  Code  Lc  xprintffull.o [2]
_PutstrFull              0x800'0f83    0xc0  Code  Lc  xprintffull.o [2]
_PuttxtFull              0x800'0e77   0x10c  Code  Lc  xprintffull.o [2]
__ICFEDIT_region_RAM_end__ {Abs}
                        0x2000'4fff          Data  Gb  <internal module>
__ICFEDIT_region_RAM_start__ {Abs}
                        0x2000'0000          Data  Gb  <internal module>
__aeabi_cdcmple          0x800'14c9          Code  Gb  DblCmpLe.o [3]
__aeabi_cdrcmple         0x800'14f9          Code  Gb  DblCmpGe.o [3]
__aeabi_d2iz             0x800'1665          Code  Gb  DblToS32.o [3]
__aeabi_d2uiz            0x800'19f1          Code  Gb  DblToU32.o [3]
__aeabi_ddiv             0x800'17a9          Code  Gb  DblDiv.o [3]
__aeabi_dmul             0x800'1a35          Code  Gb  DblMul.o [3]
__aeabi_dsub             0x800'16c5          Code  Gb  DblSub.o [3]
__aeabi_i2d              0x800'16a1          Code  Gb  S32ToDbl.o [3]
__aeabi_ldiv0            0x800'1f85          Code  Gb  I64DivZer.o [4]
__aeabi_memcpy           0x800'13b1          Code  Gb  ABImemcpy.o [4]
__aeabi_memcpy4          0x800'13d1          Code  Gb  ABImemcpy.o [4]
__aeabi_memcpy8          0x800'13d1          Code  Gb  ABImemcpy.o [4]
__aeabi_memset           0x800'2fb1          Code  Gb  ABImemset.o [4]
__aeabi_ui2d             0x800'1a19          Code  Gb  U32ToDbl.o [3]
__aeabi_uldivmod         0x800'1be1          Code  Gb  I64DivMod.o [4]
__cmain                  0x800'56fd          Code  Gb  cmain.o [4]
__exit                   0x800'1f89    0x14  Code  Gb  exit.o [5]
__iar_Fail_s             0x800'12e1    0x1c  Code  Gb  xfail_s.o [2]
__iar_Mbcurmax           0x800'1bd7     0xa  Code  Gb  xmbcurmax.o [2]
__iar_Memchr             0x800'1359          Code  Gb  memchr.o [4]
__iar_Memset             0x800'2fb1          Code  Gb  ABImemset.o [4]
__iar_Memset_word        0x800'2fb9          Code  Gb  ABImemset.o [4]
__iar_Stdout            0x2000'00a0    0x48  Data  Gb  xfiles.o [2]
__iar_Strchr             0x800'12ad          Code  Gb  strchr.o [4]
__iar_dadd               0x800'16d5          Code  Gb  DblSub.o [3]
__iar_data_init3         0x800'5601    0x28  Code  Gb  data_init.o [4]
__iar_dsub               0x800'1e19          Code  Gb  DblAdd.o [3]
__iar_dsubStart          0x800'1e2b          Code  Gb  DblAdd.o [3]
__iar_frexp              0x800'1465          Code  Gb  frexp.o [3]
__iar_frexp64            0x800'1459          Code  Gb  frexp.o [3]
__iar_frexpl             0x800'1465          Code  Gb  frexp.o [3]
__iar_globLocale        0x2000'0058    0x48  Data  Lc  xlocale_c.o [2]
__iar_global_Locale      0x800'1231     0x4  Code  Gb  xlocale_c.o [2]
__iar_ldexp64            0x800'1529          Code  Gb  ldexp.o [3]
__iar_lz77_init_single3
                         0x800'547d    0x78  Code  Gb  lz77_init_single.o [4]
__iar_program_start      0x800'5789          Code  Gb  cstartup_M.o [4]
__iar_scalbln64          0x800'1529          Code  Gb  ldexp.o [3]
__iar_scalbn64           0x800'1529          Code  Gb  ldexp.o [3]
__iar_zero_init3         0x800'11f7    0x3a  Code  Gb  zero_init3.o [4]
__low_level_init         0x800'571b     0x4  Code  Gb  low_level_init.o [2]
__vector_table           0x800'0000          Data  Gb  startup_stm32f10x_hd.o [1]
_call_main               0x800'5709          Code  Gb  cmain.o [4]
_exit                    0x800'5725          Code  Gb  cexit.o [4]
_gLocale_mblen           0x800'1299     0x4  Code  Gb  xlocale_c.o [2]
_gLocale_mblenInt        0x800'125d    0x2c  Code  Gb  xlocale_c.o [2]
_gLocale_wctomb          0x800'129d     0x4  Code  Gb  xlocale_c.o [2]
_gLocale_wctombInt       0x800'1295     0x4  Code  Gb  xlocale_c.o [2]
_main                    0x800'5717          Code  Gb  cmain.o [4]
abort                    0x800'1e11     0x6  Code  Gb  abort.o [2]
exit                     0x800'571f     0x4  Code  Gb  exit.o [2]
fputc                    0x800'38bd    0x12  Code  Gb  Rtos_HL.o [1]
frexp                    0x800'1459          Code  Gb  frexp.o [3]
frexpl                   0x800'1459          Code  Gb  frexp.o [3]
g_nLogDr                0x2000'2f3e     0x2  Data  Gb  stm32f10x_it.o [1]
g_nLogSr                0x2000'2f3c     0x2  Data  Gb  stm32f10x_it.o [1]
g_nRS485Dr              0x2000'2f42     0x2  Data  Gb  stm32f10x_it.o [1]
g_nRS485Sr              0x2000'2f40     0x2  Data  Gb  stm32f10x_it.o [1]
g_nUartBuffer           0x2000'2c78   0x120  Data  Gb  Rtos_HL.o [1]
g_sRs485RxQueue         0x2000'2ed8     0x4  Data  Gb  Rs485.o [1]
g_sRs485TempFrame       0x2000'2b54   0x124  Data  Gb  Rs485.o [1]
g_sRs485TxQueue         0x2000'2ed4     0x4  Data  Gb  Rs485.o [1]
ldexp                    0x800'1529          Code  Gb  ldexp.o [3]
ldexpl                   0x800'1529          Code  Gb  ldexp.o [3]
localeconv               0x800'12a1     0x4  Code  Gb  xlocale_c.o [2]
main                     0x800'5559    0x30  Code  Gb  main.o [1]
memchr                   0x800'1359          Code  Gb  memchr.o [4]
obuf                    0x2000'2d98    0x50  Data  Lc  xfiles.o [2]
pcInterruptPriorityRegisters
                         0x800'57e0     0x4  Data  Lc  port.o [1]
printf                   0x800'3019    0x28  Code  Gb  printf.o [2]
prvAddCurrentTaskToDelayedList
                         0x800'2c49    0xb0  Code  Lc  tasks.o [1]
prvAddNewTaskToReadyList
                         0x800'211b    0xc0  Code  Lc  tasks.o [1]
prvCheckForValidListAndQueue
                         0x800'3683    0x46  Code  Lc  timers.o [1]
prvCheckTasksWaitingTermination
                         0x800'2a57    0x3a  Code  Lc  tasks.o [1]
prvCopyDataFromQueue     0x800'40dd    0x36  Code  Lc  queue.o [1]
prvCopyDataToQueue       0x800'4041    0x9c  Code  Lc  queue.o [1]
prvDeleteTCB             0x800'2aa1    0x12  Code  Lc  tasks.o [1]
prvGetNextExpireTime     0x800'34a7    0x26  Code  Lc  timers.o [1]
prvHeapInit              0x800'2ecf    0x5a  Code  Lc  heap_4.o [1]
prvIdleTask              0x800'29e1    0x24  Code  Lc  tasks.o [1]
prvInitialiseNewQueue    0x800'3b2b    0x36  Code  Lc  queue.o [1]
prvInitialiseNewTask     0x800'201b   0x100  Code  Lc  tasks.o [1]
prvInitialiseTaskLists   0x800'2a05    0x52  Code  Lc  tasks.o [1]
prvInsertBlockIntoFreeList
                         0x800'2f29    0x5e  Code  Lc  heap_4.o [1]
prvInsertTimerInActiveList
                         0x800'34f3    0x50  Code  Lc  timers.o [1]
prvIsQueueEmpty          0x800'4181    0x1c  Code  Lc  queue.o [1]
prvIsQueueFull           0x800'419d    0x1e  Code  Lc  queue.o [1]
prvProcessExpiredTimer   0x800'33dd    0x3e  Code  Lc  timers.o [1]
prvProcessReceivedCommands
                         0x800'3543   0x114  Code  Lc  timers.o [1]
prvProcessTimerOrBlockTask
                         0x800'3437    0x70  Code  Lc  timers.o [1]
prvReloadTimer           0x800'33b5    0x28  Code  Lc  timers.o [1]
prvResetNextTaskUnblockTime
                         0x800'2ab3    0x24  Code  Lc  tasks.o [1]
prvSampleTimeNow         0x800'34cd    0x26  Code  Lc  timers.o [1]
prvSampleTimeNow::xLastTime
                        0x2000'2f34     0x4  Data  Lc  timers.o [1]
prvSwitchTimerLists      0x800'3657    0x2c  Code  Lc  timers.o [1]
prvTaskExitError         0x800'30fd    0x36  Code  Lc  port.o [1]
prvTimerTask             0x800'341d    0x1a  Code  Lc  timers.o [1]
prvUnlockQueue           0x800'4113    0x6e  Code  Lc  queue.o [1]
putchar                  0x800'5745     0xc  Code  Gb  putchar.o [2]
pvPortMalloc             0x800'2d15   0x12c  Code  Gb  heap_4.o [1]
pxCurrentTCB            0x2000'2ee0     0x4  Data  Gb  tasks.o [1]
pxCurrentTimerList      0x2000'2f24     0x4  Data  Lc  timers.o [1]
pxDelayedTaskList       0x2000'2ee4     0x4  Data  Lc  tasks.o [1]
pxEnd                   0x2000'2ebc     0x4  Data  Lc  heap_4.o [1]
pxOverflowDelayedTaskList
                        0x2000'2ee8     0x4  Data  Lc  tasks.o [1]
pxOverflowTimerList     0x2000'2f28     0x4  Data  Lc  timers.o [1]
pxPortInitialiseStack    0x800'30dd    0x20  Code  Gb  port.o [1]
pxReadyTasksLists       0x2000'28e8   0x26c  Data  Lc  tasks.o [1]
scalbln                  0x800'1529          Code  Gb  ldexp.o [3]
scalblnl                 0x800'1529          Code  Gb  ldexp.o [3]
scalbn                   0x800'1529          Code  Gb  ldexp.o [3]
scalbnl                  0x800'1529          Code  Gb  ldexp.o [3]
scale                    0x800'114d    0x46  Code  Lc  xprintffull.o [2]
sec_hand                0x2000'2f38     0x4  Data  Lc  xfail_s.o [2]
strchr                   0x800'12ad          Code  Gb  strchr.o [4]
strlen                   0x800'1321          Code  Gb  strlen.o [4]
ucHeap                  0x2000'00e8  0x2800  Data  Lc  heap_4.o [1]
ucMaxSysCallPriority    0x2000'2f44     0x1  Data  Lc  port.o [1]
ulMaxPRIGROUPValue      0x2000'2ed0     0x4  Data  Lc  port.o [1]
ulTaskSwitchedInTime    0x2000'2f1c     0x4  Data  Lc  tasks.o [1]
ulTotalRunTime          0x2000'2f20     0x4  Data  Lc  tasks.o [1]
uxCriticalNesting       0x2000'0000     0x4  Data  Lc  port.o [1]
uxCurrentNumberOfTasks  0x2000'2ef0     0x4  Data  Lc  tasks.o [1]
uxDeletedTasksWaitingCleanUp
                        0x2000'2eec     0x4  Data  Lc  tasks.o [1]
uxListRemove             0x800'30b3    0x28  Code  Gb  list.o [1]
uxSchedulerSuspended    0x2000'2f18     0x4  Data  Lc  tasks.o [1]
uxTaskGetNumberOfTasks   0x800'24a3     0x8  Code  Gb  tasks.o [1]
uxTaskNumber            0x2000'2f0c     0x4  Data  Lc  tasks.o [1]
uxTopReadyPriority      0x2000'2ef8     0x4  Data  Lc  tasks.o [1]
uxTopUsedPriority       0x2000'001c     0x4  Data  Gb  tasks.o [1]
vListInitialise          0x800'3041    0x1e  Code  Gb  list.o [1]
vListInitialiseItem      0x800'305f     0x6  Code  Gb  list.o [1]
vListInsert              0x800'307d    0x36  Code  Gb  list.o [1]
vListInsertEnd           0x800'3065    0x18  Code  Gb  list.o [1]
vPortEnterCritical       0x800'31f3    0x42  Code  Gb  port.o [1]
vPortExitCritical        0x800'3235    0x3a  Code  Gb  port.o [1]
vPortFree                0x800'2e41    0x8e  Code  Gb  heap_4.o [1]
vPortStartFirstTask      0x800'39a3          Code  Gb  portasm.o [1]
vPortValidateInterruptPriority
                         0x800'3299    0x68  Code  Gb  port.o [1]
vQueueAddToRegistry      0x800'41bb    0x68  Code  Gb  queue.o [1]
vQueueWaitForMessageRestricted
                         0x800'4231    0x4c  Code  Gb  queue.o [1]
vTaskDelete              0x800'21db    0xe4  Code  Gb  tasks.o [1]
vTaskInternalSetTimeOutState
                         0x800'28f5    0x12  Code  Gb  tasks.o [1]
vTaskMissedYield         0x800'29d7     0xa  Code  Gb  tasks.o [1]
vTaskPlaceOnEventList    0x800'2731    0x44  Code  Gb  tasks.o [1]
vTaskPlaceOnEventListRestricted
                         0x800'2775    0x68  Code  Gb  tasks.o [1]
vTaskStartScheduler      0x800'22bf    0x86  Code  Gb  tasks.o [1]
vTaskSuspendAll          0x800'2345     0xc  Code  Gb  tasks.o [1]
vTaskSwitchContext       0x800'2681    0xb0  Code  Gb  tasks.o [1]
xActiveTimerList1       0x2000'2e8c    0x14  Data  Lc  timers.o [1]
xActiveTimerList2       0x2000'2ea0    0x14  Data  Lc  timers.o [1]
xDelayedTaskList1       0x2000'2e28    0x14  Data  Lc  tasks.o [1]
xDelayedTaskList2       0x2000'2e3c    0x14  Data  Lc  tasks.o [1]
xFreeBytesRemaining     0x2000'2ec0     0x4  Data  Lc  heap_4.o [1]
xHeapStructSize          0x800'57dc     0x4  Data  Lc  heap_4.o [1]
xIdleTaskHandle         0x2000'2f14     0x4  Data  Lc  tasks.o [1]
xMinimumEverFreeBytesRemaining
                        0x2000'2ec4     0x4  Data  Lc  heap_4.o [1]
xNextTaskUnblockTime    0x2000'2f10     0x4  Data  Lc  tasks.o [1]
xNumOfOverflows         0x2000'2f08     0x4  Data  Lc  tasks.o [1]
xNumberOfSuccessfulAllocations
                        0x2000'2ec8     0x4  Data  Lc  heap_4.o [1]
xNumberOfSuccessfulFrees
                        0x2000'2ecc     0x4  Data  Lc  heap_4.o [1]
xPendedTicks            0x2000'2f00     0x4  Data  Lc  tasks.o [1]
xPendingReadyList       0x2000'2e50    0x14  Data  Lc  tasks.o [1]
xPortStartScheduler      0x800'3133    0xc0  Code  Gb  port.o [1]
xQueueGenericCreate      0x800'3aaf    0x7c  Code  Gb  queue.o [1]
xQueueGenericReset       0x800'39c5    0xea  Code  Gb  queue.o [1]
xQueueGenericSend        0x800'3b61   0x1e6  Code  Gb  queue.o [1]
xQueueGenericSendFromISR
                         0x800'3d47   0x14e  Code  Gb  queue.o [1]
xQueueReceive            0x800'3e95   0x19a  Code  Gb  queue.o [1]
xQueueRegistry          0x2000'2de8    0x40  Data  Gb  queue.o [1]
xSchedulerRunning       0x2000'2efc     0x4  Data  Lc  tasks.o [1]
xStart                  0x2000'2eb4     0x8  Data  Lc  heap_4.o [1]
xSuspendedTaskList      0x2000'2e78    0x14  Data  Lc  tasks.o [1]
xTaskCheckForTimeOut     0x800'290d    0xca  Code  Gb  tasks.o [1]
xTaskCreate              0x800'1f9d    0x7e  Code  Gb  tasks.o [1]
xTaskGetSchedulerState   0x800'2ad7    0x1e  Code  Gb  tasks.o [1]
xTaskGetTickCount        0x800'249b     0x8  Code  Gb  tasks.o [1]
xTaskIncrementTick       0x800'24e1   0x1a0  Code  Gb  tasks.o [1]
xTaskPriorityDisinherit
                         0x800'2b11    0xe2  Code  Gb  tasks.o [1]
xTaskRemoveFromEventList
                         0x800'27dd   0x104  Code  Gb  tasks.o [1]
xTaskResumeAll           0x800'2351   0x14a  Code  Gb  tasks.o [1]
xTasksWaitingTermination
                        0x2000'2e64    0x14  Data  Lc  tasks.o [1]
xTickCount              0x2000'2ef4     0x4  Data  Lc  tasks.o [1]
xTimerCreateTimerTask    0x800'335d    0x58  Code  Gb  timers.o [1]
xTimerQueue             0x2000'2f2c     0x4  Data  Lc  timers.o [1]
xTimerTaskHandle        0x2000'2f30     0x4  Data  Lc  timers.o [1]
xYieldPending           0x2000'2f04     0x4  Data  Lc  tasks.o [1]


[1] = E:\AnyID\Git\M7000\OSIO\Build\Obj
[2] = dl7M_tlf.a
[3] = m7M_tl.a
[4] = rt7M_tl.a
[5] = shb_l.a

  22'163 bytes of readonly  code memory
     655 bytes of readonly  data memory
  14'149 bytes of readwrite data memory

Errors: none
Warnings: none
