###############################################################################
#
# IAR ELF Linker V8.40.1.212/W32 for ARM                  13/Sep/2024  18:01:26
# Copyright 2007-2019 IAR Systems AB.
#
#    Output file  =  E:\AnyID\Git\M7000\OSIO\Build\Exe\OSIO.out
#    Map file     =  E:\AnyID\Git\M7000\OSIO\Build\List\OSIO.map
#    Command line =
#        -f C:\Users\swnw\AppData\Local\Temp\EW53AA.tmp
#        (E:\AnyID\Git\M7000\OSIO\Build\Obj\AnyID_Stdlib.o
#        E:\AnyID\Git\M7000\OSIO\Build\Obj\croutine.o
#        E:\AnyID\Git\M7000\OSIO\Build\Obj\Device.o
#        E:\AnyID\Git\M7000\OSIO\Build\Obj\event_groups.o
#        E:\AnyID\Git\M7000\OSIO\Build\Obj\heap_4.o
#        E:\AnyID\Git\M7000\OSIO\Build\Obj\list.o
#        E:\AnyID\Git\M7000\OSIO\Build\Obj\LTE.o
#        E:\AnyID\Git\M7000\OSIO\Build\Obj\LTE_HL.o
#        E:\AnyID\Git\M7000\OSIO\Build\Obj\main.o
#        E:\AnyID\Git\M7000\OSIO\Build\Obj\misc.o
#        E:\AnyID\Git\M7000\OSIO\Build\Obj\port.o
#        E:\AnyID\Git\M7000\OSIO\Build\Obj\portasm.o
#        E:\AnyID\Git\M7000\OSIO\Build\Obj\queue.o
#        E:\AnyID\Git\M7000\OSIO\Build\Obj\Rs485.o
#        E:\AnyID\Git\M7000\OSIO\Build\Obj\Rs485_HL.o
#        E:\AnyID\Git\M7000\OSIO\Build\Obj\Rtos_HL.o
#        E:\AnyID\Git\M7000\OSIO\Build\Obj\startup_stm32f10x_hd.o
#        E:\AnyID\Git\M7000\OSIO\Build\Obj\stm32f10x_adc.o
#        E:\AnyID\Git\M7000\OSIO\Build\Obj\stm32f10x_bkp.o
#        E:\AnyID\Git\M7000\OSIO\Build\Obj\stm32f10x_can.o
#        E:\AnyID\Git\M7000\OSIO\Build\Obj\stm32f10x_cec.o
#        E:\AnyID\Git\M7000\OSIO\Build\Obj\stm32f10x_crc.o
#        E:\AnyID\Git\M7000\OSIO\Build\Obj\stm32f10x_dac.o
#        E:\AnyID\Git\M7000\OSIO\Build\Obj\stm32f10x_dbgmcu.o
#        E:\AnyID\Git\M7000\OSIO\Build\Obj\stm32f10x_dma.o
#        E:\AnyID\Git\M7000\OSIO\Build\Obj\stm32f10x_exti.o
#        E:\AnyID\Git\M7000\OSIO\Build\Obj\stm32f10x_flash.o
#        E:\AnyID\Git\M7000\OSIO\Build\Obj\stm32f10x_fsmc.o
#        E:\AnyID\Git\M7000\OSIO\Build\Obj\stm32f10x_gpio.o
#        E:\AnyID\Git\M7000\OSIO\Build\Obj\stm32f10x_i2c.o
#        E:\AnyID\Git\M7000\OSIO\Build\Obj\stm32f10x_it.o
#        E:\AnyID\Git\M7000\OSIO\Build\Obj\stm32f10x_iwdg.o
#        E:\AnyID\Git\M7000\OSIO\Build\Obj\stm32f10x_pwr.o
#        E:\AnyID\Git\M7000\OSIO\Build\Obj\stm32f10x_rcc.o
#        E:\AnyID\Git\M7000\OSIO\Build\Obj\stm32f10x_rtc.o
#        E:\AnyID\Git\M7000\OSIO\Build\Obj\stm32f10x_sdio.o
#        E:\AnyID\Git\M7000\OSIO\Build\Obj\stm32f10x_spi.o
#        E:\AnyID\Git\M7000\OSIO\Build\Obj\stm32f10x_tim.o
#        E:\AnyID\Git\M7000\OSIO\Build\Obj\stm32f10x_usart.o
#        E:\AnyID\Git\M7000\OSIO\Build\Obj\stm32f10x_wwdg.o
#        E:\AnyID\Git\M7000\OSIO\Build\Obj\stream_buffer.o
#        E:\AnyID\Git\M7000\OSIO\Build\Obj\SysCfg.o
#        E:\AnyID\Git\M7000\OSIO\Build\Obj\system_stm32f10x.o
#        E:\AnyID\Git\M7000\OSIO\Build\Obj\tasks.o
#        E:\AnyID\Git\M7000\OSIO\Build\Obj\timers.o
#        E:\AnyID\Git\M7000\OSIO\Build\Obj\Uart_Receive.o --redirect
#        _Printf=_PrintfFull --redirect _Scanf=_ScanfFull --no_out_extension -o
#        E:\AnyID\Git\M7000\OSIO\Build\Exe\OSIO.out --map
#        E:\AnyID\Git\M7000\OSIO\Build\List\OSIO.map --config
#        E:\AnyID\Git\M7000\OSIO\GD32F103x8.icf --semihosting --entry
#        __iar_program_start --vfe --text_out locale)
#
###############################################################################

*******************************************************************************
*** RUNTIME MODEL ATTRIBUTES
***

CppFlavor       = *
__SystemLibrary = DLib
__dlib_version  = 6


*******************************************************************************
*** HEAP SELECTION
***

The basic heap was selected because no calls to memory allocation
functions were found in the application outside of system library
functions, and there are calls to deallocation functions in the
application.


*******************************************************************************
*** PLACEMENT SUMMARY
***

"A0":  place at address 0x800'0000 { ro section .intvec };
"P1":  place in [from 0x800'0000 to 0x800'ffff] { ro };
define block CSTACK with size = 2K, alignment = 8 { };
define block HEAP with size = 4K, alignment = 8 { };
"P2":  place in [from 0x2000'0000 to 0x2000'4fff] {
          rw, block CSTACK, block HEAP };
initialize by copy { rw };

  Section            Kind         Address    Size  Object
  -------            ----         -------    ----  ------
"A0":                                       0x130
  .intvec            ro code   0x800'0000   0x130  startup_stm32f10x_hd.o [1]
                             - 0x800'0130   0x130

"P1", part 1 of 2:                         0x1326
  .text              ro code   0x800'0130    0x3a  zero_init3.o [4]
  .text              ro code   0x800'016c    0x7c  xlocale_c.o [2]
  .text              ro code   0x800'01e8    0x16  strchr.o [4]
  .text              ro code   0x800'01fe    0x1e  xencoding_8859_1.o [2]
  .text              ro code   0x800'021c    0x40  xfail_s.o [2]
  .text              ro code   0x800'025c    0x36  strlen.o [4]
  .text              ro code   0x800'0292     0xa  xsprout.o [2]
  .text              ro code   0x800'029c    0x58  memchr.o [4]
  .rodata            const     0x800'02f4     0x2  xlocale_c.o [2]
  .text              ro code   0x800'02f8    0xc4  Rs485.o [1]
  .text              ro code   0x800'03bc   0x106  Uart_Receive.o [1]
  .text              ro code   0x800'04c4   0x238  Device.o [1]
  .text              ro code   0x800'06fc   0x228  stm32f10x_it.o [1]
  .text              ro code   0x800'0924   0x110  system_stm32f10x.o [1]
  .rodata            const     0x800'0a34   0x100  AnyID_Stdlib.o [1]
  .text              ro code   0x800'0b34    0x78  lz77_init_single.o [4]
  .rodata            const     0x800'0bac    0x6c  LTE.o [1]
  .rodata            const     0x800'0c18    0x54  LTE.o [1]
  .rodata            const     0x800'0c6c    0x3c  LTE.o [1]
  .rodata            const     0x800'0ca8    0x3c  LTE.o [1]
  .rodata            const     0x800'0ce4    0x3c  LTE.o [1]
  .rodata            const     0x800'0d20    0x38  LTE.o [1]
  .rodata            const     0x800'0d58    0x38  LTE.o [1]
  .rodata            const     0x800'0d90    0x34  heap_4.o [1]
  .rodata            const     0x800'0dc4    0x34  LTE.o [1]
  .rodata            const     0x800'0df8    0x30  LTE.o [1]
  .rodata            const     0x800'0e28    0x30  port.o [1]
  .text              ro code   0x800'0e58    0x30  main.o [1]
  .rodata            const     0x800'0e88    0x2c  LTE.o [1]
  .rodata            const     0x800'0eb4    0x28  LTE.o [1]
  .rodata            const     0x800'0edc    0x28  queue.o [1]
  .rodata            const     0x800'0f04    0x28  tasks.o [1]
  .rodata            const     0x800'0f2c    0x28  timers.o [1]
  .text              ro code   0x800'0f54    0x28  data_init.o [4]
  .rodata            const     0x800'0f7c    0x24  heap_4.o [1]
  .rodata            const     0x800'0fa0    0x24  LTE.o [1]
  .rodata            const     0x800'0fc4    0x24  port.o [1]
  .rodata            const     0x800'0fe8    0x24  queue.o [1]
  .rodata            const     0x800'100c    0x24  tasks.o [1]
  .rodata            const     0x800'1030    0x24  timers.o [1]
  .iar.init_table    const     0x800'1054    0x20  - Linker created -
  .rodata            const     0x800'1074    0x20  LTE.o [1]
  .rodata            const     0x800'1094    0x20  LTE.o [1]
  .rodata            const     0x800'10b4    0x20  LTE.o [1]
  .text              ro code   0x800'10d4    0x1e  cmain.o [4]
  .text              ro code   0x800'10f2     0x4  low_level_init.o [2]
  .text              ro code   0x800'10f6     0x4  exit.o [2]
  .text              ro code   0x800'10fc     0xa  cexit.o [4]
  .rodata            const     0x800'1108    0x1c  LTE.o [1]
  .rodata            const     0x800'1124    0x18  LTE.o [1]
  .rodata            const     0x800'113c    0x18  SysCfg.o [1]
  .text              ro code   0x800'1154    0x16  xprout.o [2]
  .text              ro code   0x800'116c     0xc  putchar.o [2]
  .rodata            const     0x800'1178    0x14  LTE.o [1]
  .rodata            const     0x800'118c    0x10  LTE.o [1]
  .rodata            const     0x800'119c    0x10  LTE.o [1]
  .rodata            const     0x800'11ac    0x10  LTE.o [1]
  .rodata            const     0x800'11bc    0x10  main.o [1]
  .rodata            const     0x800'11cc    0x10  SysCfg.o [1]
  .text              ro code   0x800'11dc    0x10  startup_stm32f10x_hd.o [1]
  .rodata            const     0x800'11ec     0xc  LTE.o [1]
  .rodata            const     0x800'11f8     0xc  LTE.o [1]
  .rodata            const     0x800'1204     0xc  LTE.o [1]
  .rodata            const     0x800'1210     0xc  LTE.o [1]
  .rodata            const     0x800'121c     0xc  LTE.o [1]
  .rodata            const     0x800'1228     0xc  LTE.o [1]
  .rodata            const     0x800'1234     0xc  LTE.o [1]
  .rodata            const     0x800'1240     0xc  LTE.o [1]
  .rodata            const     0x800'124c     0xc  SysCfg.o [1]
  .text              ro code   0x800'1258     0xc  cstartup_M.o [4]
  .rodata            const     0x800'1264     0x8  LTE.o [1]
  .rodata            const     0x800'126c     0x8  LTE.o [1]
  .rodata            const     0x800'1274     0x8  LTE.o [1]
  .rodata            const     0x800'127c     0x8  LTE.o [1]
  .rodata            const     0x800'1284     0x8  LTE.o [1]
  .rodata            const     0x800'128c     0x8  LTE.o [1]
  .rodata            const     0x800'1294     0x8  LTE.o [1]
  .rodata            const     0x800'129c     0x8  LTE.o [1]
  .rodata            const     0x800'12a4     0x8  LTE_HL.o [1]
  .rodata            const     0x800'12ac     0x8  LTE_HL.o [1]
  .rodata            const     0x800'12b4     0x8  LTE_HL.o [1]
  .rodata            const     0x800'12bc     0x8  LTE_HL.o [1]
  .rodata            const     0x800'12c4     0x8  LTE_HL.o [1]
  .rodata            const     0x800'12cc     0x8  Rs485_HL.o [1]
  .rodata            const     0x800'12d4     0x8  Rs485_HL.o [1]
  .rodata            const     0x800'12dc     0x8  Rs485_HL.o [1]
  .rodata            const     0x800'12e4     0x8  Rs485_HL.o [1]
  .rodata            const     0x800'12ec     0x8  Rtos_HL.o [1]
  .rodata            const     0x800'12f4     0x8  Rtos_HL.o [1]
  .rodata            const     0x800'12fc     0x8  tasks.o [1]
  .rodata            const     0x800'1304     0x8  timers.o [1]
  .rodata            const     0x800'130c     0x8  timers.o [1]
  .rodata            const     0x800'1314     0x4  heap_4.o [1]
  .rodata            const     0x800'1318     0x4  port.o [1]
  .text              ro code   0x800'131c     0x4  startup_stm32f10x_hd.o [1]
  .text              ro code   0x800'1320     0x4  startup_stm32f10x_hd.o [1]
  .text              ro code   0x800'1324     0x4  startup_stm32f10x_hd.o [1]
  .text              ro code   0x800'1328     0x4  startup_stm32f10x_hd.o [1]
  .text              ro code   0x800'132c     0x4  startup_stm32f10x_hd.o [1]
  .text              ro code   0x800'1330     0x4  startup_stm32f10x_hd.o [1]
  .text              ro code   0x800'1334     0x4  startup_stm32f10x_hd.o [1]
  .text              ro code   0x800'1338     0x4  startup_stm32f10x_hd.o [1]
  .text              ro code   0x800'133c     0x4  startup_stm32f10x_hd.o [1]
  .text              ro code   0x800'1340     0x4  startup_stm32f10x_hd.o [1]
  .text              ro code   0x800'1344     0x4  startup_stm32f10x_hd.o [1]
  .text              ro code   0x800'1348     0x4  startup_stm32f10x_hd.o [1]
  .text              ro code   0x800'134c     0x4  startup_stm32f10x_hd.o [1]
  .text              ro code   0x800'1350     0x4  startup_stm32f10x_hd.o [1]
  .text              ro code   0x800'1354     0x4  startup_stm32f10x_hd.o [1]
  .text              ro code   0x800'1358     0x4  startup_stm32f10x_hd.o [1]
  .text              ro code   0x800'135c     0x4  startup_stm32f10x_hd.o [1]
  .text              ro code   0x800'1360     0x4  startup_stm32f10x_hd.o [1]
  .text              ro code   0x800'1364     0x4  startup_stm32f10x_hd.o [1]
  .text              ro code   0x800'1368     0x4  startup_stm32f10x_hd.o [1]
  .text              ro code   0x800'136c     0x4  startup_stm32f10x_hd.o [1]
  .text              ro code   0x800'1370     0x4  startup_stm32f10x_hd.o [1]
  .text              ro code   0x800'1374     0x4  startup_stm32f10x_hd.o [1]
  .text              ro code   0x800'1378     0x4  startup_stm32f10x_hd.o [1]
  .text              ro code   0x800'137c     0x4  startup_stm32f10x_hd.o [1]
  .text              ro code   0x800'1380     0x4  startup_stm32f10x_hd.o [1]
  .text              ro code   0x800'1384     0x4  startup_stm32f10x_hd.o [1]
  .text              ro code   0x800'1388     0x4  startup_stm32f10x_hd.o [1]
  .text              ro code   0x800'138c     0x4  startup_stm32f10x_hd.o [1]
  .text              ro code   0x800'1390     0x4  startup_stm32f10x_hd.o [1]
  .text              ro code   0x800'1394     0x4  startup_stm32f10x_hd.o [1]
  .text              ro code   0x800'1398     0x4  startup_stm32f10x_hd.o [1]
  .text              ro code   0x800'139c     0x4  startup_stm32f10x_hd.o [1]
  .text              ro code   0x800'13a0     0x4  startup_stm32f10x_hd.o [1]
  .text              ro code   0x800'13a4     0x4  startup_stm32f10x_hd.o [1]
  .text              ro code   0x800'13a8     0x4  startup_stm32f10x_hd.o [1]
  .text              ro code   0x800'13ac     0x4  startup_stm32f10x_hd.o [1]
  .text              ro code   0x800'13b0     0x4  startup_stm32f10x_hd.o [1]
  .text              ro code   0x800'13b4     0x4  startup_stm32f10x_hd.o [1]
  .text              ro code   0x800'13b8     0x4  startup_stm32f10x_hd.o [1]
  .text              ro code   0x800'13bc     0x4  startup_stm32f10x_hd.o [1]
  .text              ro code   0x800'13c0     0x4  startup_stm32f10x_hd.o [1]
  .text              ro code   0x800'13c4     0x4  startup_stm32f10x_hd.o [1]
  .text              ro code   0x800'13c8     0x4  startup_stm32f10x_hd.o [1]
  .text              ro code   0x800'13cc     0x4  startup_stm32f10x_hd.o [1]
  .text              ro code   0x800'13d0     0x4  startup_stm32f10x_hd.o [1]
  .text              ro code   0x800'13d4     0x4  startup_stm32f10x_hd.o [1]
  .text              ro code   0x800'13d8     0x4  startup_stm32f10x_hd.o [1]
  .text              ro code   0x800'13dc     0x4  startup_stm32f10x_hd.o [1]
  .text              ro code   0x800'13e0     0x4  startup_stm32f10x_hd.o [1]
  .text              ro code   0x800'13e4     0x4  startup_stm32f10x_hd.o [1]
  .text              ro code   0x800'13e8     0x4  startup_stm32f10x_hd.o [1]
  .text              ro code   0x800'13ec     0x4  startup_stm32f10x_hd.o [1]
  .text              ro code   0x800'13f0     0x4  startup_stm32f10x_hd.o [1]
  .rodata            const     0x800'13f4     0x0  zero_init3.o [4]
  .rodata            const     0x800'13f4     0x0  lz77_init_single.o [4]
  Initializer bytes  const     0x800'13f4    0x62  <for P2-1>
                             - 0x800'1456  0x1326

Absolute sections:                           0x32
  .rodata            const     0x800'5000    0x32  Device.o [1]
                             - 0x800'5032    0x32

"P1", part 2 of 2:                         0x6484
  .text              ro code   0x800'5034  0x10c6  xprintffull.o [2]
  .text              ro code   0x800'60fc    0xa6  ABImemcpy.o [4]
  .text              ro code   0x800'61a4    0x70  frexp.o [3]
  .text              ro code   0x800'6214    0x2e  DblCmpLe.o [3]
  .rodata            const     0x800'6242     0x2  xlocale_c.o [2]
  .text              ro code   0x800'6244    0x2e  DblCmpGe.o [3]
  .rodata            const     0x800'6272     0x1  xlocale_c.o [2]
  .text              ro code   0x800'6274   0x13a  ldexp.o [3]
  .text              ro code   0x800'63b0    0x3a  DblToS32.o [3]
  .text              ro code   0x800'63ec    0x22  S32ToDbl.o [3]
  .text              ro code   0x800'6410    0xe2  DblSub.o [3]
  .text              ro code   0x800'64f4   0x246  DblDiv.o [3]
  .text              ro code   0x800'673c    0x28  DblToU32.o [3]
  .text              ro code   0x800'6764    0x1a  U32ToDbl.o [3]
  .text              ro code   0x800'6780   0x1a2  DblMul.o [3]
  .text              ro code   0x800'6922     0xa  xmbcurmax.o [2]
  .text              ro code   0x800'692c   0x230  I64DivMod.o [4]
  .text              ro code   0x800'6b5c     0x6  abort.o [2]
  .text              ro code   0x800'6b64   0x16a  DblAdd.o [3]
  .text              ro code   0x800'6cd0     0x2  I64DivZer.o [4]
  .text              ro code   0x800'6cd4    0x14  exit.o [5]
  .text              ro code   0x800'6ce8   0xf48  LTE.o [1]
  .text              ro code   0x800'7c30   0x1aa  LTE_HL.o [1]
  .text              ro code   0x800'7ddc    0x66  ABImemset.o [4]
  .text              ro code   0x800'7e44   0xed0  tasks.o [1]
  .text              ro code   0x800'8d14    0x40  sprintf.o [2]
  .text              ro code   0x800'8d54    0x2c  strstr.o [2]
  .text              ro code   0x800'8d80   0x286  AnyID_Stdlib.o [1]
  .text              ro code   0x800'9008   0x274  stm32f10x_usart.o [1]
  .text              ro code   0x800'927c   0x178  stm32f10x_gpio.o [1]
  .text              ro code   0x800'93f4    0x98  misc.o [1]
  .text              ro code   0x800'948c   0x29c  heap_4.o [1]
  .text              ro code   0x800'9728    0x28  printf.o [2]
  .text              ro code   0x800'9750    0x9a  list.o [1]
  .text              ro code   0x800'97ec   0x280  port.o [1]
  .text              ro code   0x800'9a6c   0x39c  timers.o [1]
  .text              ro code   0x800'9e08   0x244  Rtos_HL.o [1]
  .text              ro code   0x800'a04c   0x338  stm32f10x_rcc.o [1]
  CODE               ro code   0x800'a384    0x88  portasm.o [1]
  .text              ro code   0x800'a40c   0x8b8  queue.o [1]
  .text              ro code   0x800'acc4   0x17c  stm32f10x_dma.o [1]
  .text              ro code   0x800'ae40   0x112  stm32f10x_tim.o [1]
  .text              ro code   0x800'af54   0x2d8  Rs485_HL.o [1]
  .text              ro code   0x800'b22c   0x260  SysCfg.o [1]
  .text              ro code   0x800'b48c    0x2c  stm32f10x_flash.o [1]
                             - 0x800'b4b8  0x6484

"P2", part 1 of 3:                           0xe8
  P2-1                        0x2000'0000    0xe8  <Init block>
    .data            inited   0x2000'0000     0x4  port.o [1]
    .data            inited   0x2000'0004    0x10  stm32f10x_rcc.o [1]
    .data            inited   0x2000'0014     0x4  stm32f10x_rcc.o [1]
    .data            inited   0x2000'0018     0x4  system_stm32f10x.o [1]
    .data            inited   0x2000'001c     0x4  tasks.o [1]
    .data            inited   0x2000'0020    0x38  xlocale_c.o [2]
    .data            inited   0x2000'0058    0x48  xlocale_c.o [2]
    .data            inited   0x2000'00a0    0x48  xfiles.o [2]
                            - 0x2000'00e8    0xe8

"P2", part 2 of 3:                         0x34c4
  .bss               zero     0x2000'00e8  0x2800  heap_4.o [1]
  .bss               zero     0x2000'28e8   0x26c  tasks.o [1]
  .bss               zero     0x2000'2b54   0x230  LTE.o [1]
  .bss               zero     0x2000'2d84   0x228  Device.o [1]
  .bss               zero     0x2000'2fac   0x168  LTE.o [1]
  .bss               zero     0x2000'3114   0x124  Rs485.o [1]
  .bss               zero     0x2000'3238   0x120  Rtos_HL.o [1]
  .bss               zero     0x2000'3358    0x68  Device.o [1]
  .bss               zero     0x2000'33c0    0x50  xfiles.o [2]
  .bss               zero     0x2000'3410    0x40  queue.o [1]
  .bss               zero     0x2000'3450    0x14  LTE.o [1]
  .bss               zero     0x2000'3464    0x14  LTE.o [1]
  .bss               zero     0x2000'3478    0x14  tasks.o [1]
  .bss               zero     0x2000'348c    0x14  tasks.o [1]
  .bss               zero     0x2000'34a0    0x14  tasks.o [1]
  .bss               zero     0x2000'34b4    0x14  tasks.o [1]
  .bss               zero     0x2000'34c8    0x14  tasks.o [1]
  .bss               zero     0x2000'34dc    0x14  timers.o [1]
  .bss               zero     0x2000'34f0    0x14  timers.o [1]
  .bss               zero     0x2000'3504     0x8  heap_4.o [1]
  .bss               zero     0x2000'350c     0x4  heap_4.o [1]
  .bss               zero     0x2000'3510     0x4  heap_4.o [1]
  .bss               zero     0x2000'3514     0x4  heap_4.o [1]
  .bss               zero     0x2000'3518     0x4  heap_4.o [1]
  .bss               zero     0x2000'351c     0x4  heap_4.o [1]
  .bss               zero     0x2000'3520     0x4  LTE.o [1]
  .bss               zero     0x2000'3524     0x4  port.o [1]
  .bss               zero     0x2000'3528     0x4  Rs485.o [1]
  .bss               zero     0x2000'352c     0x4  Rs485.o [1]
  .bss               zero     0x2000'3530     0x4  Rs485.o [1]
  .bss               zero     0x2000'3534     0x4  Rtos_HL.o [1]
  .bss               zero     0x2000'3538     0x4  Rtos_HL.o [1]
  .bss               zero     0x2000'353c     0x4  SysCfg.o [1]
  .bss               zero     0x2000'3540     0x4  tasks.o [1]
  .bss               zero     0x2000'3544     0x4  tasks.o [1]
  .bss               zero     0x2000'3548     0x4  tasks.o [1]
  .bss               zero     0x2000'354c     0x4  tasks.o [1]
  .bss               zero     0x2000'3550     0x4  tasks.o [1]
  .bss               zero     0x2000'3554     0x4  tasks.o [1]
  .bss               zero     0x2000'3558     0x4  tasks.o [1]
  .bss               zero     0x2000'355c     0x4  tasks.o [1]
  .bss               zero     0x2000'3560     0x4  tasks.o [1]
  .bss               zero     0x2000'3564     0x4  tasks.o [1]
  .bss               zero     0x2000'3568     0x4  tasks.o [1]
  .bss               zero     0x2000'356c     0x4  tasks.o [1]
  .bss               zero     0x2000'3570     0x4  tasks.o [1]
  .bss               zero     0x2000'3574     0x4  tasks.o [1]
  .bss               zero     0x2000'3578     0x4  tasks.o [1]
  .bss               zero     0x2000'357c     0x4  tasks.o [1]
  .bss               zero     0x2000'3580     0x4  tasks.o [1]
  .bss               zero     0x2000'3584     0x4  timers.o [1]
  .bss               zero     0x2000'3588     0x4  timers.o [1]
  .bss               zero     0x2000'358c     0x4  timers.o [1]
  .bss               zero     0x2000'3590     0x4  timers.o [1]
  .bss               zero     0x2000'3594     0x4  timers.o [1]
  .bss               zero     0x2000'3598     0x4  xfail_s.o [2]
  .bss               zero     0x2000'359c     0x2  stm32f10x_it.o [1]
  .bss               zero     0x2000'359e     0x2  stm32f10x_it.o [1]
  .bss               zero     0x2000'35a0     0x2  stm32f10x_it.o [1]
  .bss               zero     0x2000'35a2     0x2  stm32f10x_it.o [1]
  .bss               zero     0x2000'35a4     0x2  stm32f10x_it.o [1]
  .bss               zero     0x2000'35a6     0x2  stm32f10x_it.o [1]
  .bss               zero     0x2000'35a8     0x1  LTE.o [1]
  .bss               zero     0x2000'35a9     0x1  port.o [1]
                            - 0x2000'35aa  0x34c2

"P2", part 3 of 3:                          0x800
  CSTACK                      0x2000'35b0   0x800  <Block>
    CSTACK           uninit   0x2000'35b0   0x800  <Block tail>
                            - 0x2000'3db0   0x800

Unused ranges:

         From           To    Size
         ----           --    ----
   0x800'1456   0x800'4fff  0x3baa
   0x800'5032   0x800'5033     0x2
   0x800'b4b8   0x800'ffff  0x4b48
  0x2000'35ac  0x2000'35af     0x4
  0x2000'3db0  0x2000'4fff  0x1250


*******************************************************************************
*** INIT TABLE
***

          Address      Size
          -------      ----
Zero (__iar_zero_init3)
    1 destination range, total size 0x34c2:
          0x2000'00e8  0x34c2

Copy/lz77 (__iar_lz77_init_single3)
    1 source range, total size 0x62 (42% of destination):
           0x800'13f4    0x62
    1 destination range, total size 0xe8:
          0x2000'0000    0xe8



*******************************************************************************
*** MODULE SUMMARY
***

    Module                  ro code  ro data  rw data  ro data
                                                        (abs)
    ------                  -------  -------  -------  -------
command line/config:
    ----------------------------------------------------------
    Total:

E:\AnyID\Git\M7000\OSIO\Build\Obj: [1]
    AnyID_Stdlib.o              646      256
    Device.o                    568               656       50
    LTE.o                     3'912    1'080      965
    LTE_HL.o                    426       40
    Rs485.o                     196               304
    Rs485_HL.o                  728       32
    Rtos_HL.o                   580       16      296
    SysCfg.o                    608       52        4
    Uart_Receive.o              262
    heap_4.o                    668       92   10'268
    list.o                      154
    main.o                       48       16
    misc.o                      152
    port.o                      640       89        9
    portasm.o                   136
    queue.o                   2'232       76       64
    startup_stm32f10x_hd.o      536
    stm32f10x_dma.o             380
    stm32f10x_flash.o            44
    stm32f10x_gpio.o            376
    stm32f10x_it.o              552                12
    stm32f10x_rcc.o             824        9       20
    stm32f10x_tim.o             274
    stm32f10x_usart.o           628
    system_stm32f10x.o          272        1        4
    tasks.o                   3'792       86      792
    timers.o                    924       92       60
    ----------------------------------------------------------
    Total:                   20'558    1'937   13'454       50

dl7M_tlf.a: [2]
    abort.o                       6
    exit.o                        4
    low_level_init.o              4
    printf.o                     40
    putchar.o                    12
    sprintf.o                    64
    strstr.o                     44
    xencoding_8859_1.o           30
    xfail_s.o                    64                 4
    xfiles.o                              31      152
    xlocale_c.o                 124       59      128
    xmbcurmax.o                  10
    xprintffull.o             4'294
    xprout.o                     22
    xsprout.o                    10
    ----------------------------------------------------------
    Total:                    4'728       90      284

m7M_tl.a: [3]
    DblAdd.o                    362
    DblCmpGe.o                   46
    DblCmpLe.o                   46
    DblDiv.o                    582
    DblMul.o                    418
    DblSub.o                    226
    DblToS32.o                   58
    DblToU32.o                   40
    S32ToDbl.o                   34
    U32ToDbl.o                   26
    frexp.o                     112
    ldexp.o                     314
    ----------------------------------------------------------
    Total:                    2'264

rt7M_tl.a: [4]
    ABImemcpy.o                 166
    ABImemset.o                 102
    I64DivMod.o                 560
    I64DivZer.o                   2
    cexit.o                      10
    cmain.o                      30
    cstartup_M.o                 12
    data_init.o                  40
    lz77_init_single.o          120
    memchr.o                     88
    strchr.o                     22
    strlen.o                     54
    zero_init3.o                 58
    ----------------------------------------------------------
    Total:                    1'264

shb_l.a: [5]
    exit.o                       20
    ----------------------------------------------------------
    Total:                       20

    Gaps                         43        2
    Linker created                        32    2'048
--------------------------------------------------------------
    Grand Total:             28'877    2'061   15'786       50


*******************************************************************************
*** ENTRY LIST
***

Entry                       Address    Size  Type      Object
-----                       -------    ----  ----      ------
.iar.init_table$$Base    0x800'1054           --   Gb  - Linker created -
.iar.init_table$$Limit   0x800'1074           --   Gb  - Linker created -
?main                    0x800'10d5          Code  Gb  cmain.o [4]
ADCPrescTable           0x2000'0014     0x4  Data  Lc  stm32f10x_rcc.o [1]
APBAHBPrescTable        0x2000'0004    0x10  Data  Lc  stm32f10x_rcc.o [1]
BusFault_Handler         0x800'0703     0x2  Code  Gb  stm32f10x_it.o [1]
CSTACK$$Base            0x2000'35b0           --   Gb  - Linker created -
CSTACK$$Limit           0x2000'3db0           --   Gb  - Linker created -
CacheMore                0x800'0171    0x28  Code  Lc  xlocale_c.o [2]
ConfigureTimeForRunTimeStats
                         0x800'a041     0xc  Code  Gb  Rtos_HL.o [1]
DEVICE_VERSION           0x800'5000    0x32  Data  Gb  Device.o [1]
DMA1_Channel4_IRQHandler
                         0x800'080f    0x44  Code  Gb  stm32f10x_it.o [1]
DMA1_Channel5_IRQHandler
                         0x800'07ef    0x20  Code  Gb  stm32f10x_it.o [1]
DMA_DeInit               0x800'acc5    0xf0  Code  Gb  stm32f10x_dma.o [1]
DMA_ITConfig             0x800'adf1    0x18  Code  Gb  stm32f10x_dma.o [1]
DMA_Init                 0x800'adb5    0x3c  Code  Gb  stm32f10x_dma.o [1]
DebugMon_Handler         0x800'0707     0x2  Code  Gb  stm32f10x_it.o [1]
Device_ProcessUartFrame
                         0x800'060d    0xe2  Code  Gb  Device.o [1]
Device_ResponseFrame     0x800'04c5   0x148  Code  Gb  Device.o [1]
FLASH_PrefetchBufferCmd
                         0x800'b49f    0x14  Code  Gb  stm32f10x_flash.o [1]
FLASH_SetLatency         0x800'b48d    0x12  Code  Gb  stm32f10x_flash.o [1]
FreeRTOSRunTimeTicks    0x2000'3534     0x4  Data  Gb  Rtos_HL.o [1]
GPIO_Init                0x800'927d    0xea  Code  Gb  stm32f10x_gpio.o [1]
GPIO_PinRemapConfig      0x800'9367    0x84  Code  Gb  stm32f10x_gpio.o [1]
HardFault_Handler        0x800'06ff     0x2  Code  Gb  stm32f10x_it.o [1]
LTE_ConfigInt            0x800'7d0b    0x22  Code  Gb  LTE_HL.o [1]
LTE_ConnectCheckRsp      0x800'73b5   0x276  Code  Gb  LTE.o [1]
LTE_ConnectGetCClk       0x800'76ed   0x224  Code  Gb  LTE.o [1]
LTE_ConnectInit          0x800'6d09   0x3ba  Code  Gb  LTE.o [1]
LTE_ConnectStep          0x800'762b    0xb0  Code  Gb  LTE.o [1]
LTE_ConnectTxCmd         0x800'70c3   0x2ec  Code  Gb  LTE.o [1]
LTE_EnableInt            0x800'7d2d    0x30  Code  Gb  LTE_HL.o [1]
LTE_Init                 0x800'6ce9    0x20  Code  Gb  LTE.o [1]
LTE_InitInterface        0x800'7c31    0xda  Code  Gb  LTE_HL.o [1]
LTE_InitTask             0x800'7911   0x268  Code  Gb  LTE.o [1]
LTE_PORT_BOOT_CTR        0x800'12bc     0x8  Data  Gb  LTE_HL.o [1]
LTE_PORT_KEY             0x800'12b4     0x8  Data  Gb  LTE_HL.o [1]
LTE_PORT_RST             0x800'12c4     0x8  Data  Gb  LTE_HL.o [1]
LTE_PORT_RX              0x800'12ac     0x8  Data  Gb  LTE_HL.o [1]
LTE_PORT_TX              0x800'12a4     0x8  Data  Gb  LTE_HL.o [1]
LTE_WriteBuffer          0x800'7d6f    0x2c  Code  Gb  LTE_HL.o [1]
LTE_WriteByte            0x800'7d5d    0x12  Code  Gb  LTE_HL.o [1]
LTE_WriteCmd             0x800'7db9    0x22  Code  Gb  LTE_HL.o [1]
MemManage_Handler        0x800'0701     0x2  Code  Gb  stm32f10x_it.o [1]
NMI_Handler              0x800'06fd     0x2  Code  Gb  stm32f10x_it.o [1]
NVIC_Init                0x800'93ff    0x66  Code  Gb  misc.o [1]
NVIC_PriorityGroupConfig
                         0x800'93f5     0xa  Code  Gb  misc.o [1]
NVIC_SetVectorTable      0x800'9465     0xc  Code  Gb  misc.o [1]
PendSV_Handler           0x800'a385          Code  Gb  portasm.o [1]
RCC_ADCCLKConfig         0x800'a179    0x10  Code  Gb  stm32f10x_rcc.o [1]
RCC_AHBPeriphClockCmd    0x800'a261    0x1c  Code  Gb  stm32f10x_rcc.o [1]
RCC_APB1PeriphClockCmd   0x800'a299    0x1c  Code  Gb  stm32f10x_rcc.o [1]
RCC_APB1PeriphResetCmd   0x800'a2d1    0x1c  Code  Gb  stm32f10x_rcc.o [1]
RCC_APB2PeriphClockCmd   0x800'a27d    0x1c  Code  Gb  stm32f10x_rcc.o [1]
RCC_APB2PeriphResetCmd   0x800'a2b5    0x1c  Code  Gb  stm32f10x_rcc.o [1]
RCC_DeInit               0x800'a04d    0x40  Code  Gb  stm32f10x_rcc.o [1]
RCC_GetClocksFreq        0x800'a189    0xd8  Code  Gb  stm32f10x_rcc.o [1]
RCC_GetFlagStatus        0x800'a2ed    0x46  Code  Gb  stm32f10x_rcc.o [1]
RCC_GetSYSCLKSource      0x800'a137     0xa  Code  Gb  stm32f10x_rcc.o [1]
RCC_HCLKConfig           0x800'a141    0x10  Code  Gb  stm32f10x_rcc.o [1]
RCC_HSEConfig            0x800'a08d    0x3a  Code  Gb  stm32f10x_rcc.o [1]
RCC_PCLK1Config          0x800'a151    0x10  Code  Gb  stm32f10x_rcc.o [1]
RCC_PCLK2Config          0x800'a161    0x12  Code  Gb  stm32f10x_rcc.o [1]
RCC_PLLCmd               0x800'a11d     0xa  Code  Gb  stm32f10x_rcc.o [1]
RCC_PLLConfig            0x800'a105    0x18  Code  Gb  stm32f10x_rcc.o [1]
RCC_SYSCLKConfig         0x800'a127    0x10  Code  Gb  stm32f10x_rcc.o [1]
RCC_USBCLKConfig         0x800'a173     0x6  Code  Gb  stm32f10x_rcc.o [1]
RCC_WaitForHSEStartUp    0x800'a0c7    0x3e  Code  Gb  stm32f10x_rcc.o [1]
RS485_PORT_CTRL          0x800'12dc     0x8  Data  Gb  Rs485_HL.o [1]
RS485_PORT_PWR           0x800'12e4     0x8  Data  Gb  Rs485_HL.o [1]
RS485_PORT_RX            0x800'12d4     0x8  Data  Gb  Rs485_HL.o [1]
RS485_PORT_TX            0x800'12cc     0x8  Data  Gb  Rs485_HL.o [1]
Region$$Table$$Base      0x800'1054           --   Gb  - Linker created -
Region$$Table$$Limit     0x800'1074           --   Gb  - Linker created -
Rs485TxTask              0x800'035f    0x46  Code  Gb  Rs485.o [1]
Rs485_ConfigInt          0x800'b02d    0x22  Code  Gb  Rs485_HL.o [1]
Rs485_Delayms            0x800'b04f    0x12  Code  Gb  Rs485_HL.o [1]
Rs485_Init               0x800'02f9    0x42  Code  Gb  Rs485.o [1]
Rs485_InitInterface      0x800'af55    0xd8  Code  Gb  Rs485_HL.o [1]
Rs485_InitRxDma          0x800'b11f    0x96  Code  Gb  Rs485_HL.o [1]
Rs485_InitTxDma          0x800'b073    0xac  Code  Gb  Rs485_HL.o [1]
Rs485_QueueInit          0x800'033b    0x24  Code  Gb  Rs485.o [1]
Rs485_WriteBuffer        0x800'b1b5    0x54  Code  Gb  Rs485_HL.o [1]
Rs485_WriteByte          0x800'b061    0x12  Code  Gb  Rs485_HL.o [1]
SVC_Handler              0x800'a3cb          Code  Gb  portasm.o [1]
SetSysClock              0x800'0961     0x8  Code  Lc  system_stm32f10x.o [1]
SetSysClockTo72          0x800'0969    0xb0  Code  Lc  system_stm32f10x.o [1]
SysTick_Handler          0x800'997f    0x28  Code  Gb  port.o [1]
Sys_CfgClock             0x800'b23f    0x76  Code  Gb  SysCfg.o [1]
Sys_CfgNVIC              0x800'b2db    0x16  Code  Gb  SysCfg.o [1]
Sys_CfgPeriphClk         0x800'b2b5    0x26  Code  Gb  SysCfg.o [1]
Sys_CtrlIOInit           0x800'b2f1     0xc  Code  Gb  SysCfg.o [1]
Sys_Delayms              0x800'b22d    0x12  Code  Gb  SysCfg.o [1]
Sys_Init                 0x800'b2fd    0x3a  Code  Gb  SysCfg.o [1]
Sys_Rs485ProcessTask     0x800'b399    0xbc  Code  Gb  SysCfg.o [1]
Sys_TaskCreat            0x800'b337    0x60  Code  Gb  SysCfg.o [1]
SystemCoreClock         0x2000'0018     0x4  Data  Gb  system_stm32f10x.o [1]
SystemInit               0x800'0925    0x3c  Code  Gb  system_stm32f10x.o [1]
TIM2_IRQHandler          0x800'0709    0x5e  Code  Gb  stm32f10x_it.o [1]
TIM_ClearITPendingBit    0x800'af49     0xa  Code  Gb  stm32f10x_tim.o [1]
TIM_Cmd                  0x800'aee5    0x1e  Code  Gb  stm32f10x_tim.o [1]
TIM_GetITStatus          0x800'af1b    0x2e  Code  Gb  stm32f10x_tim.o [1]
TIM_ITConfig             0x800'af03    0x18  Code  Gb  stm32f10x_tim.o [1]
TIM_TimeBaseInit         0x800'ae41    0x7c  Code  Gb  stm32f10x_tim.o [1]
Tim_Init                 0x800'9fdf    0x62  Code  Gb  Rtos_HL.o [1]
UART_PORT_RX             0x800'12f4     0x8  Data  Gb  Rtos_HL.o [1]
UART_PORT_TX             0x800'12ec     0x8  Data  Gb  Rtos_HL.o [1]
USART1_IRQHandler        0x800'0853    0x76  Code  Gb  stm32f10x_it.o [1]
USART2_IRQHandler        0x800'0767    0x2a  Code  Gb  stm32f10x_it.o [1]
USART3_IRQHandler        0x800'0791    0x5e  Code  Gb  stm32f10x_it.o [1]
USART_ClearFlag          0x800'9247    0x10  Code  Gb  stm32f10x_usart.o [1]
USART_ClearITPendingBit
                         0x800'9257    0x26  Code  Gb  stm32f10x_usart.o [1]
USART_Cmd                0x800'9185    0x1e  Code  Gb  stm32f10x_usart.o [1]
USART_DMACmd             0x800'9213    0x18  Code  Gb  stm32f10x_usart.o [1]
USART_DeInit             0x800'9009    0x90  Code  Gb  stm32f10x_usart.o [1]
USART_GetFlagStatus      0x800'922b    0x1c  Code  Gb  stm32f10x_usart.o [1]
USART_ITConfig           0x800'91a3    0x70  Code  Gb  stm32f10x_usart.o [1]
USART_Init               0x800'9099    0xd6  Code  Gb  stm32f10x_usart.o [1]
Uart_Init                0x800'9f7f    0x2c  Code  Gb  Rtos_HL.o [1]
Uart_InitInterface       0x800'9e09    0xce  Code  Gb  Rtos_HL.o [1]
Uart_InitRxDma           0x800'9ee9    0x96  Code  Gb  Rtos_HL.o [1]
Uart_UsrCheckFrame       0x800'03bd   0x106  Code  Gb  Uart_Receive.o [1]
Uart_WriteByte           0x800'9ed7    0x12  Code  Gb  Rtos_HL.o [1]
UsageFault_Handler       0x800'0705     0x2  Code  Gb  stm32f10x_it.o [1]
_Encoding_8859_1_Mbrlen
                         0x800'0211     0x2  Code  Gb  xencoding_8859_1.o [2]
_Encoding_8859_1_Wctomb
                         0x800'01ff    0x12  Code  Gb  xencoding_8859_1.o [2]
_LitobFull               0x800'5f47   0x10a  Code  Lc  xprintffull.o [2]
_Locale_lconv           0x2000'0020    0x38  Data  Lc  xlocale_c.o [2]
_PrintfFull              0x800'5035   0xcc4  Code  Gb  xprintffull.o [2]
_Prout                   0x800'1155    0x16  Code  Gb  xprout.o [2]
_PutcharsFull            0x800'60b9    0x2e  Code  Lc  xprintffull.o [2]
_PutstrFull              0x800'5e87    0xc0  Code  Lc  xprintffull.o [2]
_PuttxtFull              0x800'5d7b   0x10c  Code  Lc  xprintffull.o [2]
_SProut                  0x800'0293     0xa  Code  Gb  xsprout.o [2]
__ICFEDIT_region_RAM_end__ {Abs}
                        0x2000'4fff          Data  Gb  <internal module>
__ICFEDIT_region_RAM_start__ {Abs}
                        0x2000'0000          Data  Gb  <internal module>
__aeabi_cdcmple          0x800'6215          Code  Gb  DblCmpLe.o [3]
__aeabi_cdrcmple         0x800'6245          Code  Gb  DblCmpGe.o [3]
__aeabi_d2iz             0x800'63b1          Code  Gb  DblToS32.o [3]
__aeabi_d2uiz            0x800'673d          Code  Gb  DblToU32.o [3]
__aeabi_ddiv             0x800'64f5          Code  Gb  DblDiv.o [3]
__aeabi_dmul             0x800'6781          Code  Gb  DblMul.o [3]
__aeabi_dsub             0x800'6411          Code  Gb  DblSub.o [3]
__aeabi_i2d              0x800'63ed          Code  Gb  S32ToDbl.o [3]
__aeabi_ldiv0            0x800'6cd1          Code  Gb  I64DivZer.o [4]
__aeabi_memcpy           0x800'60fd          Code  Gb  ABImemcpy.o [4]
__aeabi_memcpy4          0x800'611d          Code  Gb  ABImemcpy.o [4]
__aeabi_memcpy8          0x800'611d          Code  Gb  ABImemcpy.o [4]
__aeabi_memset           0x800'7ddd          Code  Gb  ABImemset.o [4]
__aeabi_ui2d             0x800'6765          Code  Gb  U32ToDbl.o [3]
__aeabi_uldivmod         0x800'692d          Code  Gb  I64DivMod.o [4]
__cmain                  0x800'10d5          Code  Gb  cmain.o [4]
__exit                   0x800'6cd5    0x14  Code  Gb  exit.o [5]
__iar_Fail_s             0x800'021d    0x1c  Code  Gb  xfail_s.o [2]
__iar_Mbcurmax           0x800'6923     0xa  Code  Gb  xmbcurmax.o [2]
__iar_Memchr             0x800'029d          Code  Gb  memchr.o [4]
__iar_Memset             0x800'7ddd          Code  Gb  ABImemset.o [4]
__iar_Memset_word        0x800'7de5          Code  Gb  ABImemset.o [4]
__iar_Stdout            0x2000'00a0    0x48  Data  Gb  xfiles.o [2]
__iar_Strchr             0x800'01e9          Code  Gb  strchr.o [4]
__iar_dadd               0x800'6421          Code  Gb  DblSub.o [3]
__iar_data_init3         0x800'0f55    0x28  Code  Gb  data_init.o [4]
__iar_dsub               0x800'6b65          Code  Gb  DblAdd.o [3]
__iar_dsubStart          0x800'6b77          Code  Gb  DblAdd.o [3]
__iar_frexp              0x800'61b1          Code  Gb  frexp.o [3]
__iar_frexp64            0x800'61a5          Code  Gb  frexp.o [3]
__iar_frexpl             0x800'61b1          Code  Gb  frexp.o [3]
__iar_globLocale        0x2000'0058    0x48  Data  Lc  xlocale_c.o [2]
__iar_global_Locale      0x800'016d     0x4  Code  Gb  xlocale_c.o [2]
__iar_ldexp64            0x800'6275          Code  Gb  ldexp.o [3]
__iar_lz77_init_single3
                         0x800'0b35    0x78  Code  Gb  lz77_init_single.o [4]
__iar_program_start      0x800'1259          Code  Gb  cstartup_M.o [4]
__iar_scalbln64          0x800'6275          Code  Gb  ldexp.o [3]
__iar_scalbn64           0x800'6275          Code  Gb  ldexp.o [3]
__iar_zero_init3         0x800'0131    0x3a  Code  Gb  zero_init3.o [4]
__low_level_init         0x800'10f3     0x4  Code  Gb  low_level_init.o [2]
__vector_table           0x800'0000          Data  Gb  startup_stm32f10x_hd.o [1]
_call_main               0x800'10e1          Code  Gb  cmain.o [4]
_exit                    0x800'10fd          Code  Gb  cexit.o [4]
_gLocale_mblen           0x800'01d5     0x4  Code  Gb  xlocale_c.o [2]
_gLocale_mblenInt        0x800'0199    0x2c  Code  Gb  xlocale_c.o [2]
_gLocale_wctomb          0x800'01d9     0x4  Code  Gb  xlocale_c.o [2]
_gLocale_wctombInt       0x800'01d1     0x4  Code  Gb  xlocale_c.o [2]
_main                    0x800'10ef          Code  Gb  cmain.o [4]
a_GetCrc                 0x800'8d81    0x48  Code  Gb  AnyID_Stdlib.o [1]
a_IndexOf                0x800'8fd5    0x32  Code  Gb  AnyID_Stdlib.o [1]
a_Str2Hex                0x800'8dc9    0x66  Code  Gb  AnyID_Stdlib.o [1]
a_atoi                   0x800'8e35   0x1a0  Code  Gb  AnyID_Stdlib.o [1]
abort                    0x800'6b5d     0x6  Code  Gb  abort.o [2]
exit                     0x800'10f7     0x4  Code  Gb  exit.o [2]
fputc                    0x800'9fcd    0x12  Code  Gb  Rtos_HL.o [1]
frexp                    0x800'61a5          Code  Gb  frexp.o [3]
frexpl                   0x800'61a5          Code  Gb  frexp.o [3]
g_aAsicto                0x800'0a34   0x100  Data  Gb  AnyID_Stdlib.o [1]
g_hLTEInit              0x2000'3520     0x4  Data  Gb  LTE.o [1]
g_hRs485Tx              0x2000'3530     0x4  Data  Gb  Rs485.o [1]
g_hSysProcessRs485      0x2000'353c     0x4  Data  Gb  SysCfg.o [1]
g_nImei                 0x2000'3450    0x14  Data  Gb  LTE.o [1]
g_nImeiStr              0x2000'3464    0x14  Data  Gb  LTE.o [1]
g_nLTEStatus            0x2000'35a8     0x1  Data  Gb  LTE.o [1]
g_nLogDr                0x2000'359e     0x2  Data  Gb  stm32f10x_it.o [1]
g_nLogSr                0x2000'359c     0x2  Data  Gb  stm32f10x_it.o [1]
g_nLteDr                0x2000'35a2     0x2  Data  Gb  stm32f10x_it.o [1]
g_nLteSr                0x2000'35a0     0x2  Data  Gb  stm32f10x_it.o [1]
g_nRS485Dr              0x2000'35a6     0x2  Data  Gb  stm32f10x_it.o [1]
g_nRS485Sr              0x2000'35a4     0x2  Data  Gb  stm32f10x_it.o [1]
g_nSysTick              0x2000'3538     0x4  Data  Gb  Rtos_HL.o [1]
g_nUartBuffer           0x2000'3238   0x120  Data  Gb  Rtos_HL.o [1]
g_sDeviceParams         0x2000'3358    0x68  Data  Gb  Device.o [1]
g_sDeviceRspFrame       0x2000'2d84   0x228  Data  Gb  Device.o [1]
g_sLTEConnect           0x2000'2fac   0x168  Data  Gb  LTE.o [1]
g_sLTERcvFrame          0x2000'2b54   0x230  Data  Gb  LTE.o [1]
g_sRs485RxQueue         0x2000'352c     0x4  Data  Gb  Rs485.o [1]
g_sRs485TempFrame       0x2000'3114   0x124  Data  Gb  Rs485.o [1]
g_sRs485TxQueue         0x2000'3528     0x4  Data  Gb  Rs485.o [1]
ldexp                    0x800'6275          Code  Gb  ldexp.o [3]
ldexpl                   0x800'6275          Code  Gb  ldexp.o [3]
localeconv               0x800'01dd     0x4  Code  Gb  xlocale_c.o [2]
main                     0x800'0e59    0x30  Code  Gb  main.o [1]
memchr                   0x800'029d          Code  Gb  memchr.o [4]
obuf                    0x2000'33c0    0x50  Data  Lc  xfiles.o [2]
pcInterruptPriorityRegisters
                         0x800'1318     0x4  Data  Lc  port.o [1]
printf                   0x800'9729    0x28  Code  Gb  printf.o [2]
prvAddCurrentTaskToDelayedList
                         0x800'8c35    0xb0  Code  Lc  tasks.o [1]
prvAddNewTaskToReadyList
                         0x800'7fc3    0xc0  Code  Lc  tasks.o [1]
prvCheckForValidListAndQueue
                         0x800'9d93    0x46  Code  Lc  timers.o [1]
prvCheckTasksWaitingTermination
                         0x800'8a5b    0x3a  Code  Lc  tasks.o [1]
prvCopyDataFromQueue     0x800'ab25    0x36  Code  Lc  queue.o [1]
prvCopyDataToQueue       0x800'aa89    0x9c  Code  Lc  queue.o [1]
prvDeleteTCB             0x800'8aa5    0x12  Code  Lc  tasks.o [1]
prvGetNextExpireTime     0x800'9bb7    0x26  Code  Lc  timers.o [1]
prvHeapInit              0x800'9647    0x5a  Code  Lc  heap_4.o [1]
prvIdleTask              0x800'89e5    0x24  Code  Lc  tasks.o [1]
prvInitialiseNewQueue    0x800'a573    0x36  Code  Lc  queue.o [1]
prvInitialiseNewTask     0x800'7ec3   0x100  Code  Lc  tasks.o [1]
prvInitialiseTaskLists   0x800'8a09    0x52  Code  Lc  tasks.o [1]
prvInsertBlockIntoFreeList
                         0x800'96a1    0x5e  Code  Lc  heap_4.o [1]
prvInsertTimerInActiveList
                         0x800'9c03    0x50  Code  Lc  timers.o [1]
prvIsQueueEmpty          0x800'abc9    0x1c  Code  Lc  queue.o [1]
prvIsQueueFull           0x800'abe5    0x1e  Code  Lc  queue.o [1]
prvProcessExpiredTimer   0x800'9aed    0x3e  Code  Lc  timers.o [1]
prvProcessReceivedCommands
                         0x800'9c53   0x114  Code  Lc  timers.o [1]
prvProcessTimerOrBlockTask
                         0x800'9b47    0x70  Code  Lc  timers.o [1]
prvReloadTimer           0x800'9ac5    0x28  Code  Lc  timers.o [1]
prvResetNextTaskUnblockTime
                         0x800'8ab7    0x24  Code  Lc  tasks.o [1]
prvSampleTimeNow         0x800'9bdd    0x26  Code  Lc  timers.o [1]
prvSampleTimeNow::xLastTime
                        0x2000'3594     0x4  Data  Lc  timers.o [1]
prvSwitchTimerLists      0x800'9d67    0x2c  Code  Lc  timers.o [1]
prvTaskExitError         0x800'980d    0x36  Code  Lc  port.o [1]
prvTimerTask             0x800'9b2d    0x1a  Code  Lc  timers.o [1]
prvUnlockQueue           0x800'ab5b    0x6e  Code  Lc  queue.o [1]
putchar                  0x800'116d     0xc  Code  Gb  putchar.o [2]
pvPortMalloc             0x800'948d   0x12c  Code  Gb  heap_4.o [1]
pxCurrentTCB            0x2000'3540     0x4  Data  Gb  tasks.o [1]
pxCurrentTimerList      0x2000'3584     0x4  Data  Lc  timers.o [1]
pxDelayedTaskList       0x2000'3544     0x4  Data  Lc  tasks.o [1]
pxEnd                   0x2000'350c     0x4  Data  Lc  heap_4.o [1]
pxOverflowDelayedTaskList
                        0x2000'3548     0x4  Data  Lc  tasks.o [1]
pxOverflowTimerList     0x2000'3588     0x4  Data  Lc  timers.o [1]
pxPortInitialiseStack    0x800'97ed    0x20  Code  Gb  port.o [1]
pxReadyTasksLists       0x2000'28e8   0x26c  Data  Lc  tasks.o [1]
scalbln                  0x800'6275          Code  Gb  ldexp.o [3]
scalblnl                 0x800'6275          Code  Gb  ldexp.o [3]
scalbn                   0x800'6275          Code  Gb  ldexp.o [3]
scalbnl                  0x800'6275          Code  Gb  ldexp.o [3]
scale                    0x800'6051    0x46  Code  Lc  xprintffull.o [2]
sec_hand                0x2000'3598     0x4  Data  Lc  xfail_s.o [2]
sprintf                  0x800'8d15    0x40  Code  Gb  sprintf.o [2]
strchr                   0x800'01e9          Code  Gb  strchr.o [4]
strlen                   0x800'025d          Code  Gb  strlen.o [4]
strstr                   0x800'8d55    0x2c  Code  Gb  strstr.o [2]
ucHeap                  0x2000'00e8  0x2800  Data  Lc  heap_4.o [1]
ucMaxSysCallPriority    0x2000'35a9     0x1  Data  Lc  port.o [1]
ulMaxPRIGROUPValue      0x2000'3524     0x4  Data  Lc  port.o [1]
ulTaskSwitchedInTime    0x2000'357c     0x4  Data  Lc  tasks.o [1]
ulTotalRunTime          0x2000'3580     0x4  Data  Lc  tasks.o [1]
uxCriticalNesting       0x2000'0000     0x4  Data  Lc  port.o [1]
uxCurrentNumberOfTasks  0x2000'3550     0x4  Data  Lc  tasks.o [1]
uxDeletedTasksWaitingCleanUp
                        0x2000'354c     0x4  Data  Lc  tasks.o [1]
uxListRemove             0x800'97c3    0x28  Code  Gb  list.o [1]
uxSchedulerSuspended    0x2000'3578     0x4  Data  Lc  tasks.o [1]
uxTaskGetNumberOfTasks   0x800'84a3     0x8  Code  Gb  tasks.o [1]
uxTaskNumber            0x2000'356c     0x4  Data  Lc  tasks.o [1]
uxTopReadyPriority      0x2000'3558     0x4  Data  Lc  tasks.o [1]
uxTopUsedPriority       0x2000'001c     0x4  Data  Gb  tasks.o [1]
vListInitialise          0x800'9751    0x1e  Code  Gb  list.o [1]
vListInitialiseItem      0x800'976f     0x6  Code  Gb  list.o [1]
vListInsert              0x800'978d    0x36  Code  Gb  list.o [1]
vListInsertEnd           0x800'9775    0x18  Code  Gb  list.o [1]
vPortEnterCritical       0x800'9903    0x42  Code  Gb  port.o [1]
vPortExitCritical        0x800'9945    0x3a  Code  Gb  port.o [1]
vPortFree                0x800'95b9    0x8e  Code  Gb  heap_4.o [1]
vPortStartFirstTask      0x800'a3eb          Code  Gb  portasm.o [1]
vPortValidateInterruptPriority
                         0x800'99a9    0x68  Code  Gb  port.o [1]
vQueueAddToRegistry      0x800'ac03    0x68  Code  Gb  queue.o [1]
vQueueWaitForMessageRestricted
                         0x800'ac79    0x4c  Code  Gb  queue.o [1]
vTaskDelay               0x800'8167    0x5e  Code  Gb  tasks.o [1]
vTaskDelete              0x800'8083    0xe4  Code  Gb  tasks.o [1]
vTaskInternalSetTimeOutState
                         0x800'88f9    0x12  Code  Gb  tasks.o [1]
vTaskMissedYield         0x800'89db     0xa  Code  Gb  tasks.o [1]
vTaskPlaceOnEventList    0x800'8735    0x44  Code  Gb  tasks.o [1]
vTaskPlaceOnEventListRestricted
                         0x800'8779    0x68  Code  Gb  tasks.o [1]
vTaskStartScheduler      0x800'82bf    0x86  Code  Gb  tasks.o [1]
vTaskSuspend             0x800'81c5    0xfa  Code  Gb  tasks.o [1]
vTaskSuspendAll          0x800'8345     0xc  Code  Gb  tasks.o [1]
vTaskSwitchContext       0x800'8685    0xb0  Code  Gb  tasks.o [1]
xActiveTimerList1       0x2000'34dc    0x14  Data  Lc  timers.o [1]
xActiveTimerList2       0x2000'34f0    0x14  Data  Lc  timers.o [1]
xDelayedTaskList1       0x2000'3478    0x14  Data  Lc  tasks.o [1]
xDelayedTaskList2       0x2000'348c    0x14  Data  Lc  tasks.o [1]
xFreeBytesRemaining     0x2000'3510     0x4  Data  Lc  heap_4.o [1]
xHeapStructSize          0x800'1314     0x4  Data  Lc  heap_4.o [1]
xIdleTaskHandle         0x2000'3574     0x4  Data  Lc  tasks.o [1]
xMinimumEverFreeBytesRemaining
                        0x2000'3514     0x4  Data  Lc  heap_4.o [1]
xNextTaskUnblockTime    0x2000'3570     0x4  Data  Lc  tasks.o [1]
xNumOfOverflows         0x2000'3568     0x4  Data  Lc  tasks.o [1]
xNumberOfSuccessfulAllocations
                        0x2000'3518     0x4  Data  Lc  heap_4.o [1]
xNumberOfSuccessfulFrees
                        0x2000'351c     0x4  Data  Lc  heap_4.o [1]
xPendedTicks            0x2000'3560     0x4  Data  Lc  tasks.o [1]
xPendingReadyList       0x2000'34a0    0x14  Data  Lc  tasks.o [1]
xPortStartScheduler      0x800'9843    0xc0  Code  Gb  port.o [1]
xQueueGenericCreate      0x800'a4f7    0x7c  Code  Gb  queue.o [1]
xQueueGenericReset       0x800'a40d    0xea  Code  Gb  queue.o [1]
xQueueGenericSend        0x800'a5a9   0x1e6  Code  Gb  queue.o [1]
xQueueGenericSendFromISR
                         0x800'a78f   0x14e  Code  Gb  queue.o [1]
xQueueReceive            0x800'a8dd   0x19a  Code  Gb  queue.o [1]
xQueueRegistry          0x2000'3410    0x40  Data  Gb  queue.o [1]
xSchedulerRunning       0x2000'355c     0x4  Data  Lc  tasks.o [1]
xStart                  0x2000'3504     0x8  Data  Lc  heap_4.o [1]
xSuspendedTaskList      0x2000'34c8    0x14  Data  Lc  tasks.o [1]
xTaskCheckForTimeOut     0x800'8911    0xca  Code  Gb  tasks.o [1]
xTaskCreate              0x800'7e45    0x7e  Code  Gb  tasks.o [1]
xTaskGetSchedulerState   0x800'8adb    0x20  Code  Gb  tasks.o [1]
xTaskGetTickCount        0x800'849b     0x8  Code  Gb  tasks.o [1]
xTaskIncrementTick       0x800'84e5   0x1a0  Code  Gb  tasks.o [1]
xTaskPriorityDisinherit
                         0x800'8b15    0xe2  Code  Gb  tasks.o [1]
xTaskRemoveFromEventList
                         0x800'87e1   0x104  Code  Gb  tasks.o [1]
xTaskResumeAll           0x800'8351   0x14a  Code  Gb  tasks.o [1]
xTasksWaitingTermination
                        0x2000'34b4    0x14  Data  Lc  tasks.o [1]
xTickCount              0x2000'3554     0x4  Data  Lc  tasks.o [1]
xTimerCreateTimerTask    0x800'9a6d    0x58  Code  Gb  timers.o [1]
xTimerQueue             0x2000'358c     0x4  Data  Lc  timers.o [1]
xTimerTaskHandle        0x2000'3590     0x4  Data  Lc  timers.o [1]
xYieldPending           0x2000'3564     0x4  Data  Lc  tasks.o [1]


[1] = E:\AnyID\Git\M7000\OSIO\Build\Obj
[2] = dl7M_tlf.a
[3] = m7M_tl.a
[4] = rt7M_tl.a
[5] = shb_l.a

  28'877 bytes of readonly  code memory
   2'061 bytes of readonly  data memory (+ 50 absolute)
  15'786 bytes of readwrite data memory

Errors: none
Warnings: none
